Component: ARM Compiler 5.06 update 6 (build 750) Tool: armlink [4d35ed]

==============================================================================

Section Cross References

    system_stm32f4xx.o(.text) refers to system_stm32f4xx.o(.data) for SystemCoreClock
    main.o(.text) refers to misc.o(.text) for NVIC_PriorityGroupConfig
    main.o(.text) refers to delay.o(.text) for delay_init
    main.o(.text) refers to usart.o(.text) for uart_init
    main.o(.text) refers to key.o(.text) for KEY_Init
    main.o(.text) refers to timer.o(.text) for TIM6_Init
    main.o(.text) refers to encoder.o(.text) for LEFT_ENCODER_TIM_Init
    main.o(.text) refers to ros_interface.o(.text) for ROS_DMA_Config
    main.o(.text) refers to remote.o(.text) for Remote_Init
    main.o(.text) refers to adc.o(.text) for Adc_Init
    main.o(.text) refers to oled.o(.text) for OLED_Init
    main.o(.text) refers to motor.o(.text) for DreamCar_PWM_Init
    main.o(.text) refers to location.o(.text) for matrix_Init
    main.o(.text) refers to beep.o(.text) for BEEP_Init
    main.o(.text) refers to motion.o(.text) for PID_Math_Init
    main.o(.text) refers to datascope_dp.o(.text) for DataScope_USART2
    main.o(.text) refers to ultrasonic.o(.text) for ULTRASONIC_TIM11_Cap_Init
    main.o(.text) refers to relay.o(.text) for relay_gpio_init
    main.o(.text) refers to mpu6050.o(.text) for MPU_Init
    main.o(.text) refers to inv_mpu.o(.text) for mpu_dmp_init
    main.o(.text) refers to noretval__2printf.o(.text) for __2printf
    main.o(.text) refers to stm32f4xx_tim.o(.text) for TIM_SetCounter
    main.o(.text) refers to timer.o(.data) for timeout_triple
    main.o(.text) refers to main.o(.data) for key
    led.o(.text) refers to stm32f4xx_rcc.o(.text) for RCC_AHB1PeriphClockCmd
    led.o(.text) refers to stm32f4xx_gpio.o(.text) for GPIO_Init
    key.o(.text) refers to stm32f4xx_rcc.o(.text) for RCC_AHB1PeriphClockCmd
    key.o(.text) refers to stm32f4xx_gpio.o(.text) for GPIO_Init
    key.o(.text) refers to delay.o(.text) for delay_ms
    key.o(.text) refers to key.o(.data) for key_up
    timer.o(.text) refers to stm32f4xx_rcc.o(.text) for RCC_APB1PeriphClockCmd
    timer.o(.text) refers to stm32f4xx_tim.o(.text) for TIM_TimeBaseInit
    timer.o(.text) refers to misc.o(.text) for NVIC_Init
    timer.o(.text) refers to timer.o(.data) for timeout_triple
    remote.o(.text) refers to stm32f4xx_rcc.o(.text) for RCC_AHB1PeriphClockCmd
    remote.o(.text) refers to stm32f4xx_gpio.o(.text) for GPIO_Init
    remote.o(.text) refers to stm32f4xx_tim.o(.text) for TIM_TimeBaseInit
    remote.o(.text) refers to misc.o(.text) for NVIC_Init
    remote.o(.text) refers to remote.o(.data) for RmtSta
    adc.o(.text) refers to stm32f4xx_rcc.o(.text) for RCC_AHB1PeriphClockCmd
    adc.o(.text) refers to stm32f4xx_gpio.o(.text) for GPIO_Init
    adc.o(.text) refers to stm32f4xx_adc.o(.text) for ADC_CommonInit
    adc.o(.text) refers to adc.o(.data) for count
    encoder.o(.text) refers to stm32f4xx_rcc.o(.text) for RCC_APB1PeriphClockCmd
    encoder.o(.text) refers to stm32f4xx_gpio.o(.text) for GPIO_Init
    encoder.o(.text) refers to stm32f4xx_tim.o(.text) for TIM_TimeBaseStructInit
    encoder.o(.text) refers to encoder.o(.data) for ENCODER_L_DIR
    motor.o(.text) refers to stm32f4xx_rcc.o(.text) for RCC_AHB1PeriphClockCmd
    motor.o(.text) refers to stm32f4xx_gpio.o(.text) for GPIO_Init
    motor.o(.text) refers to stm32f4xx_tim.o(.text) for TIM_TimeBaseInit
    motor.o(.text) refers to beep.o(.text) for beep_on
    motor.o(.text) refers to motor.o(.data) for Moto1
    motor.o(.text) refers to main.o(.data) for key
    motor.o(.text) refers to motion.o(.data) for target_v
    oled.o(.text) refers to stm32f4xx_rcc.o(.text) for RCC_AHB1PeriphClockCmd
    oled.o(.text) refers to stm32f4xx_gpio.o(.text) for GPIO_Init
    oled.o(.text) refers to oled.o(.bss) for OLED_GRAM
    oled.o(.text) refers to oled.o(.constdata) for asc2_1206
    oled.o(.text) refers to delay.o(.text) for delay_ms
    oled.o(.text) refers to motor.o(.text) for myabs
    oled.o(.text) refers to oled.o(.data) for count
    oled.o(.text) refers to location.o(.bss) for pos_b
    oled.o(.text) refers to location.o(.data) for robot_temperature
    oled.o(.text) refers to adc.o(.data) for adc_100
    beep.o(.text) refers to stm32f4xx_rcc.o(.text) for RCC_AHB1PeriphClockCmd
    beep.o(.text) refers to stm32f4xx_gpio.o(.text) for GPIO_Init
    beep.o(.text) refers to delay.o(.text) for delay_ms
    datascope_dp.o(.text) refers to stm32f4xx_rcc.o(.text) for RCC_AHB1PeriphClockCmd
    datascope_dp.o(.text) refers to stm32f4xx_gpio.o(.text) for GPIO_PinAFConfig
    datascope_dp.o(.text) refers to stm32f4xx_usart.o(.text) for USART_Init
    datascope_dp.o(.text) refers to datascope_dp.o(.bss) for DataScope_OutPut_Buffer
    datascope_dp.o(.text) refers to location.o(.data) for w_overall
[...]
    CAN2_RX1_IRQHandler                      0x0800559f   Thumb Code     0  startup_stm32f40_41xxx.o(.text)
    CAN2_SCE_IRQHandler                      0x0800559f   Thumb Code     0  startup_stm32f40_41xxx.o(.text)
    CAN2_TX_IRQHandler                       0x0800559f   Thumb Code     0  startup_stm32f40_41xxx.o(.text)
    CRYP_IRQHandler                          0x0800559f   Thumb Code     0  startup_stm32f40_41xxx.o(.text)
    DCMI_IRQHandler                          0x0800559f   Thumb Code     0  startup_stm32f40_41xxx.o(.text)
    DMA1_Stream0_IRQHandler                  0x0800559f   Thumb Code     0  startup_stm32f40_41xxx.o(.text)
    DMA1_Stream1_IRQHandler                  0x0800559f   Thumb Code     0  startup_stm32f40_41xxx.o(.text)
    DMA1_Stream2_IRQHandler                  0x0800559f   Thumb Code     0  startup_stm32f40_41xxx.o(.text)
    DMA1_Stream3_IRQHandler                  0x0800559f   Thumb Code     0  startup_stm32f40_41xxx.o(.text)
    DMA1_Stream4_IRQHandler                  0x0800559f   Thumb Code     0  startup_stm32f40_41xxx.o(.text)
    DMA1_Stream5_IRQHandler                  0x0800559f   Thumb Code     0  startup_stm32f40_41xxx.o(.text)
    DMA1_Stream6_IRQHandler                  0x0800559f   Thumb Code     0  startup_stm32f40_41xxx.o(.text)
    DMA1_Stream7_IRQHandler                  0x0800559f   Thumb Code     0  startup_stm32f40_41xxx.o(.text)
    DMA2_Stream0_IRQHandler                  0x0800559f   Thumb Code     0  startup_stm32f40_41xxx.o(.text)
    DMA2_Stream1_IRQHandler                  0x0800559f   Thumb Code     0  startup_stm32f40_41xxx.o(.text)
    DMA2_Stream2_IRQHandler                  0x0800559f   Thumb Code     0  startup_stm32f40_41xxx.o(.text)
    DMA2_Stream3_IRQHandler                  0x0800559f   Thumb Code     0  startup_stm32f40_41xxx.o(.text)
    DMA2_Stream4_IRQHandler                  0x0800559f   Thumb Code     0  startup_stm32f40_41xxx.o(.text)
    DMA2_Stream5_IRQHandler                  0x0800559f   Thumb Code     0  startup_stm32f40_41xxx.o(.text)
    DMA2_Stream6_IRQHandler                  0x0800559f   Thumb Code     0  startup_stm32f40_41xxx.o(.text)
    DMA2_Stream7_IRQHandler                  0x0800559f   Thumb Code     0  startup_stm32f40_41xxx.o(.text)
    ETH_IRQHandler                           0x0800559f   Thumb Code     0  startup_stm32f40_41xxx.o(.text)
    ETH_WKUP_IRQHandler                      0x0800559f   Thumb Code     0  startup_stm32f40_41xxx.o(.text)
    EXTI0_IRQHandler                         0x0800559f   Thumb Code     0  startup_stm32f40_41xxx.o(.text)
    EXTI15_10_IRQHandler                     0x0800559f   Thumb Code     0  startup_stm32f40_41xxx.o(.text)
    EXTI1_IRQHandler                         0x0800559f   Thumb Code     0  startup_stm32f40_41xxx.o(.text)
    EXTI2_IRQHandler                         0x0800559f   Thumb Code     0  startup_stm32f40_41xxx.o(.text)
    EXTI3_IRQHandler                         0x0800559f   Thumb Code     0  startup_stm32f40_41xxx.o(.text)
    EXTI4_IRQHandler                         0x0800559f   Thumb Code     0  startup_stm32f40_41xxx.o(.text)
    EXTI9_5_IRQHandler                       0x0800559f   Thumb Code     0  startup_stm32f40_41xxx.o(.text)
    FLASH_IRQHandler                         0x0800559f   Thumb Code     0  startup_stm32f40_41xxx.o(.text)
    FPU_IRQHandler                           0x0800559f   Thumb Code     0  startup_stm32f40_41xxx.o(.text)
    FSMC_IRQHandler                          0x0800559f   Thumb Code     0  startup_stm32f40_41xxx.o(.text)
    HASH_RNG_IRQHandler                      0x0800559f   Thumb Code     0  startup_stm32f40_41xxx.o(.text)
    I2C1_ER_IRQHandler                       0x0800559f   Thumb Code     0  startup_stm32f40_41xxx.o(.text)
    I2C1_EV_IRQHandler                       0x0800559f   Thumb Code     0  startup_stm32f40_41xxx.o(.text)
    I2C2_ER_IRQHandler                       0x0800559f   Thumb Code     0  startup_stm32f40_41xxx.o(.text)
    I2C2_EV_IRQHandler                       0x0800559f   Thumb Code     0  startup_stm32f40_41xxx.o(.text)
    I2C3_ER_IRQHandler                       0x0800559f   Thumb Code     0  startup_stm32f40_41xxx.o(.text)
    I2C3_EV_IRQHandler                       0x0800559f   Thumb Code     0  startup_stm32f40_41xxx.o(.text)
    OTG_FS_IRQHandler                        0x0800559f   Thumb Code     0  startup_stm32f40_41xxx.o(.text)
    OTG_FS_WKUP_IRQHandler                   0x0800559f   Thumb Code     0  startup_stm32f40_41xxx.o(.text)
    OTG_HS_EP1_IN_IRQHandler                 0x0800559f   Thumb Code     0  startup_stm32f40_41xxx.o(.text)
    OTG_HS_EP1_OUT_IRQHandler                0x0800559f   Thumb Code     0  startup_stm32f40_41xxx.o(.text)
    OTG_HS_IRQHandler                        0x0800559f   Thumb Code     0  startup_stm32f40_41xxx.o(.text)
    OTG_HS_WKUP_IRQHandler                   0x0800559f   Thumb Code     0  startup_stm32f40_41xxx.o(.text)
    PVD_IRQHandler                           0x0800559f   Thumb Code     0  startup_stm32f40_41xxx.o(.text)
    RCC_IRQHandler                           0x0800559f   Thumb Code     0  startup_stm32f40_41xxx.o(.text)
    RTC_Alarm_IRQHandler                     0x0800559f   Thumb Code     0  startup_stm32f40_41xxx.o(.text)
    RTC_WKUP_IRQHandler                      0x0800559f   Thumb Code     0  startup_stm32f40_41xxx.o(.text)
    SDIO_IRQHandler                          0x0800559f   Thumb Code     0  startup_stm32f40_41xxx.o(.text)
    SPI1_IRQHandler                          0x0800559f   Thumb Code     0  startup_stm32f40_41xxx.o(.text)
    SPI2_IRQHandler                          0x0800559f   Thumb Code     0  startup_stm32f40_41xxx.o(.text)
    SPI3_IRQHandler                          0x0800559f   Thumb Code     0  startup_stm32f40_41xxx.o(.text)
    TAMP_STAMP_IRQHandler                    0x0800559f   Thumb Code     0  startup_stm32f40_41xxx.o(.text)
    TIM1_BRK_TIM9_IRQHandler                 0x0800559f   Thumb Code     0  startup_stm32f40_41xxx.o(.text)
    TIM2_IRQHandler                          0x0800559f   Thumb Code     0  startup_stm32f40_41xxx.o(.text)
    TIM3_IRQHandler                          0x0800559f   Thumb Code     0  startup_stm32f40_41xxx.o(.text)
    TIM4_IRQHandler                          0x0800559f   Thumb Code     0  startup_stm32f40_41xxx.o(.text)
    TIM5_IRQHandler                          0x0800559f   Thumb Code     0  startup_stm32f40_41xxx.o(.text)
    TIM7_IRQHandler                          0x0800559f   Thumb Code     0  startup_stm32f40_41xxx.o(.text)
    TIM8_TRG_COM_TIM14_IRQHandler            0x0800559f   Thumb Code     0  startup_stm32f40_41xxx.o(.text)
    TIM8_UP_TIM13_IRQHandler                 0x0800559f   Thumb Code     0  startup_stm32f40_41xxx.o(.text)
    UART4_IRQHandler                         0x0800559f   Thumb Code     0  startup_stm32f40_41xxx.o(.text)
    UART5_IRQHandler                         0x0800559f   Thumb Code     0  startup_stm32f40_41xxx.o(.text)
    USART2_IRQHandler                        0x0800559f   Thumb Code     0  startup_stm32f40_41xxx.o(.text)
    USART6_IRQHandler                        0x0800559f   Thumb Code     0  startup_stm32f40_41xxx.o(.text)
    WWDG_IRQHandler                          0x0800559f   Thumb Code     0  startup_stm32f40_41xxx.o(.text)
    __user_initial_stackheap                 0x080055a1   Thumb Code     0  startup_stm32f40_41xxx.o(.text)
    NVIC_PriorityGroupConfig                 0x080055c5   Thumb Code    10  misc.o(.text)
    NVIC_Init                                0x080055cf   Thumb Code   106  misc.o(.text)
    NVIC_SetVectorTable                      0x08005639   Thumb Code    14  misc.o(.text)
    NVIC_SystemLPConfig                      0x08005647   Thumb Code    34  misc.o(.text)
    SysTick_CLKSourceConfig                  0x08005669   Thumb Code    40  misc.o(.text)
    ADC_DeInit                               0x080056a5   Thumb Code    22  stm32f4xx_adc.o(.text)
    ADC_Init                                 0x080056bb   Thumb Code    74  stm32f4xx_adc.o(.text)
    ADC_StructInit                           0x08005705   Thumb Code    20  stm32f4xx_adc.o(.text)
    ADC_CommonInit                           0x08005719   Thumb Code    34  stm32f4xx_adc.o(.text)
    ADC_CommonStructInit                     0x0800573b   Thumb Code    12  stm32f4xx_adc.o(.text)
    ADC_Cmd                                  0x08005747   Thumb Code    22  stm32f4xx_adc.o(.text)
    ADC_AnalogWatchdogCmd                    0x0800575d   Thumb Code    16  stm32f4xx_adc.o(.text)
    ADC_AnalogWatchdogThresholdsConfig       0x0800576d   Thumb Code     6  stm32f4xx_adc.o(.text)
    ADC_AnalogWatchdogSingleChannelConfig    0x08005773   Thumb Code    16  stm32f4xx_adc.o(.text)
    ADC_TempSensorVrefintCmd                 0x08005783   Thumb Code    34  stm32f4xx_adc.o(.text)
    ADC_VBATCmd                              0x080057a5   Thumb Code    34  stm32f4xx_adc.o(.text)
    ADC_RegularChannelConfig                 0x080057c7   Thumb Code   184  stm32f4xx_adc.o(.text)
    ADC_SoftwareStartConv                    0x0800587f   Thumb Code    10  stm32f4xx_adc.o(.text)
    ADC_GetSoftwareStartConvStatus           0x08005889   Thumb Code    20  stm32f4xx_adc.o(.text)
    ADC_EOCOnEachRegularChannelCmd           0x0800589d   Thumb Code    22  stm32f4xx_adc.o(.text)
    ADC_ContinuousModeCmd                    0x080058b3   Thumb Code    22  stm32f4xx_adc.o(.text)
    ADC_DiscModeChannelCountConfig           0x080058c9   Thumb Code    24  stm32f4xx_adc.o(.text)
    ADC_DiscModeCmd                          0x080058e1   Thumb Code    22  stm32f4xx_adc.o(.text)
    ADC_GetConversionValue                   0x080058f7   Thumb Code     8  stm32f4xx_adc.o(.text)
    ADC_GetMultiModeConversionValue          0x080058ff   Thumb Code     8  stm32f4xx_adc.o(.text)
    ADC_DMACmd                               0x08005907   Thumb Code    22  stm32f4xx_adc.o(.text)
    ADC_DMARequestAfterLastTransferCmd       0x0800591d   Thumb Code    22  stm32f4xx_adc.o(.text)
    ADC_MultiModeDMARequestAfterLastTransferCmd 0x08005933   Thumb Code    34  stm32f4xx_adc.o(.text)
    ADC_InjectedChannelConfig                0x08005955   Thumb Code   130  stm32f4xx_adc.o(.text)
    ADC_InjectedSequencerLengthConfig        0x080059d7   Thumb Code    24  stm32f4xx_adc.o(.text)
    ADC_SetInjectedOffset                    0x080059ef   Thumb Code    20  stm32f4xx_adc.o(.text)
    ADC_ExternalTrigInjectedConvConfig       0x08005a03   Thumb Code    16  stm32f4xx_adc.o(.text)
    ADC_ExternalTrigInjectedConvEdgeConfig   0x08005a13   Thumb Code    16  stm32f4xx_adc.o(.text)
    ADC_SoftwareStartInjectedConv            0x08005a23   Thumb Code    10  stm32f4xx_adc.o(.text)
    ADC_GetSoftwareStartInjectedConvCmdStatus 0x08005a2d   Thumb Code    20  stm32f4xx_adc.o(.text)
    ADC_AutoInjectedConvCmd                  0x08005a41   Thumb Code    22  stm32f4xx_adc.o(.text)
    ADC_InjectedDiscModeCmd                  0x08005a57   Thumb Code    22  stm32f4xx_adc.o(.text)
    ADC_GetInjectedConversionValue           0x08005a6d   Thumb Code    28  stm32f4xx_adc.o(.text)
    ADC_ITConfig                             0x08005a89   Thumb Code    56  stm32f4xx_adc.o(.text)
    ADC_GetFlagStatus                        0x08005ac1   Thumb Code    18  stm32f4xx_adc.o(.text)
    ADC_ClearFlag                            0x08005ad3   Thumb Code     6  stm32f4xx_adc.o(.text)
    ADC_GetITStatus                          0x08005ad9   Thumb Code    38  stm32f4xx_adc.o(.text)
    ADC_ClearITPendingBit                    0x08005aff   Thumb Code    10  stm32f4xx_adc.o(.text)
    DMA_DeInit                               0x08005b09   Thumb Code   324  stm32f4xx_dma.o(.text)
    DMA_Init                                 0x08005c4d   Thumb Code    82  stm32f4xx_dma.o(.text)
    DMA_StructInit                           0x08005c9f   Thumb Code    34  stm32f4xx_dma.o(.text)
    DMA_Cmd                                  0x08005cc1   Thumb Code    22  stm32f4xx_dma.o(.text)
    DMA_PeriphIncOffsetSizeConfig            0x08005cd7   Thumb Code    22  stm32f4xx_dma.o(.text)
    DMA_FlowControllerConfig                 0x08005ced   Thumb Code    22  stm32f4xx_dma.o(.text)
    DMA_SetCurrDataCounter                   0x08005d03   Thumb Code     4  stm32f4xx_dma.o(.text)
    DMA_GetCurrDataCounter                   0x08005d07   Thumb Code     8  stm32f4xx_dma.o(.text)
    DMA_DoubleBufferModeConfig               0x08005d0f   Thumb Code    24  stm32f4xx_dma.o(.text)
    DMA_DoubleBufferModeCmd                  0x08005d27   Thumb Code    22  stm32f4xx_dma.o(.text)
    DMA_MemoryTargetConfig                   0x08005d3d   Thumb Code    10  stm32f4xx_dma.o(.text)
    DMA_GetCurrentMemoryTarget               0x08005d47   Thumb Code    20  stm32f4xx_dma.o(.text)
    DMA_GetCmdStatus                         0x08005d5b   Thumb Code    20  stm32f4xx_dma.o(.text)
    DMA_GetFIFOStatus                        0x08005d6f   Thumb Code    12  stm32f4xx_dma.o(.text)
    DMA_GetFlagStatus                        0x08005d7b   Thumb Code    56  stm32f4xx_dma.o(.text)
    DMA_ClearFlag                            0x08005db3   Thumb Code    40  stm32f4xx_dma.o(.text)
    DMA_ITConfig                             0x08005ddb   Thumb Code    58  stm32f4xx_dma.o(.text)
    DMA_GetITStatus                          0x08005e15   Thumb Code    84  stm32f4xx_dma.o(.text)
    DMA_ClearITPendingBit                    0x08005e69   Thumb Code    40  stm32f4xx_dma.o(.text)
    GPIO_DeInit                              0x08005eb1   Thumb Code   268  stm32f4xx_gpio.o(.text)
    GPIO_Init                                0x08005fbd   Thumb Code   144  stm32f4xx_gpio.o(.text)
    GPIO_StructInit                          0x0800604d   Thumb Code    18  stm32f4xx_gpio.o(.text)
    GPIO_PinLockConfig                       0x0800605f   Thumb Code    34  stm32f4xx_gpio.o(.text)
    GPIO_ReadInputDataBit                    0x08006081   Thumb Code    18  stm32f4xx_gpio.o(.text)
    GPIO_ReadInputData                       0x08006093   Thumb Code     8  stm32f4xx_gpio.o(.text)
    GPIO_ReadOutputDataBit                   0x0800609b   Thumb Code    18  stm32f4xx_gpio.o(.text)
    GPIO_ReadOutputData                      0x080060ad   Thumb Code     8  stm32f4xx_gpio.o(.text)
    GPIO_SetBits                             0x080060b5   Thumb Code     4  stm32f4xx_gpio.o(.text)
    GPIO_ResetBits                           0x080060b9   Thumb Code     4  stm32f4xx_gpio.o(.text)
    GPIO_WriteBit                            0x080060bd   Thumb Code    10  stm32f4xx_gpio.o(.text)
    GPIO_Write                               0x080060c7   Thumb Code     4  stm32f4xx_gpio.o(.text)
    GPIO_ToggleBits                          0x080060cb   Thumb Code     8  stm32f4xx_gpio.o(.text)
    GPIO_PinAFConfig                         0x080060d3   Thumb Code    70  stm32f4xx_gpio.o(.text)
    RCC_DeInit                               0x08006145   Thumb Code    82  stm32f4xx_rcc.o(.text)
    RCC_HSEConfig                            0x08006197   Thumb Code    14  stm32f4xx_rcc.o(.text)
    RCC_GetFlagStatus                        0x080061a5   Thumb Code    60  stm32f4xx_rcc.o(.text)
    RCC_WaitForHSEStartUp                    0x080061e1   Thumb Code    56  stm32f4xx_rcc.o(.text)
    RCC_AdjustHSICalibrationValue            0x08006219   Thumb Code    20  stm32f4xx_rcc.o(.text)
    RCC_HSICmd                               0x0800622d   Thumb Code     6  stm32f4xx_rcc.o(.text)
    RCC_LSEConfig                            0x08006233   Thumb Code    46  stm32f4xx_rcc.o(.text)
    RCC_LSICmd                               0x08006261   Thumb Code     6  stm32f4xx_rcc.o(.text)
    RCC_PLLConfig                            0x08006267   Thumb Code    32  stm32f4xx_rcc.o(.text)
    RCC_PLLCmd                               0x08006287   Thumb Code     6  stm32f4xx_rcc.o(.text)
    RCC_PLLI2SConfig                         0x0800628d   Thumb Code    14  stm32f4xx_rcc.o(.text)
    RCC_PLLI2SCmd                            0x0800629b   Thumb Code     6  stm32f4xx_rcc.o(.text)
    RCC_PLLSAIConfig                         0x080062a1   Thumb Code    20  stm32f4xx_rcc.o(.text)
    RCC_PLLSAICmd                            0x080062b5   Thumb Code     6  stm32f4xx_rcc.o(.text)
    RCC_ClockSecuritySystemCmd               0x080062bb   Thumb Code     6  stm32f4xx_rcc.o(.text)
    RCC_MCO1Config                           0x080062c1   Thumb Code    28  stm32f4xx_rcc.o(.text)
    RCC_MCO2Config                           0x080062dd   Thumb Code    28  stm32f4xx_rcc.o(.text)
    RCC_SYSCLKConfig                         0x080062f9   Thumb Code    20  stm32f4xx_rcc.o(.text)
    RCC_GetSYSCLKSource                      0x0800630d   Thumb Code    12  stm32f4xx_rcc.o(.text)
    RCC_HCLKConfig                           0x08006319   Thumb Code    20  stm32f4xx_rcc.o(.text)
    RCC_PCLK1Config                          0x0800632d   Thumb Code    20  stm32f4xx_rcc.o(.text)
    RCC_PCLK2Config                          0x08006341   Thumb Code    22  stm32f4xx_rcc.o(.text)
    RCC_GetClocksFreq                        0x08006357   Thumb Code   222  stm32f4xx_rcc.o(.text)
    RCC_RTCCLKConfig                         0x08006435   Thumb Code    54  stm32f4xx_rcc.o(.text)
    RCC_RTCCLKCmd                            0x0800646b   Thumb Code     8  stm32f4xx_rcc.o(.text)
    RCC_BackupResetCmd                       0x08006473   Thumb Code     8  stm32f4xx_rcc.o(.text)
    RCC_I2SCLKConfig                         0x0800647b   Thumb Code     6  stm32f4xx_rcc.o(.text)
    RCC_SAIPLLI2SClkDivConfig                0x08006481   Thumb Code    26  stm32f4xx_rcc.o(.text)
    RCC_SAIPLLSAIClkDivConfig                0x0800649b   Thumb Code    28  stm32f4xx_rcc.o(.text)
    RCC_SAIBlockACLKConfig                   0x080064b7   Thumb Code    20  stm32f4xx_rcc.o(.text)
    RCC_SAIBlockBCLKConfig                   0x080064cb   Thumb Code    20  stm32f4xx_rcc.o(.text)
    RCC_LTDCCLKDivConfig                     0x080064df   Thumb Code    20  stm32f4xx_rcc.o(.text)
    RCC_TIMCLKPresConfig                     0x080064f3   Thumb Code     6  stm32f4xx_rcc.o(.text)
    RCC_AHB1PeriphClockCmd                   0x080064f9   Thumb Code    34  stm32f4xx_rcc.o(.text)
    RCC_AHB2PeriphClockCmd                   0x0800651b   Thumb Code    78  stm32f4xx_rcc.o(.text)
    RCC_AHB3PeriphClockCmd                   0x08006569   Thumb Code    34  stm32f4xx_rcc.o(.text)
    RCC_APB1PeriphClockCmd                   0x0800658b   Thumb Code    34  stm32f4xx_rcc.o(.text)
    RCC_APB2PeriphClockCmd                   0x080065ad   Thumb Code    34  stm32f4xx_rcc.o(.text)
    RCC_AHB1PeriphResetCmd                   0x080065cf   Thumb Code    34  stm32f4xx_rcc.o(.text)
    RCC_AHB2PeriphResetCmd                   0x080065f1   Thumb Code    34  stm32f4xx_rcc.o(.text)
    RCC_AHB3PeriphResetCmd                   0x08006613   Thumb Code    34  stm32f4xx_rcc.o(.text)
    RCC_APB1PeriphResetCmd                   0x08006635   Thumb Code    34  stm32f4xx_rcc.o(.text)
    RCC_APB2PeriphResetCmd                   0x08006657   Thumb Code    34  stm32f4xx_rcc.o(.text)
    RCC_AHB1PeriphClockLPModeCmd             0x08006679   Thumb Code    34  stm32f4xx_rcc.o(.text)
    RCC_AHB2PeriphClockLPModeCmd             0x0800669b   Thumb Code    34  stm32f4xx_rcc.o(.text)
    RCC_AHB3PeriphClockLPModeCmd             0x080066bd   Thumb Code    34  stm32f4xx_rcc.o(.text)
    RCC_APB1PeriphClockLPModeCmd             0x080066df   Thumb Code    34  stm32f4xx_rcc.o(.text)
    RCC_APB2PeriphClockLPModeCmd             0x08006701   Thumb Code    34  stm32f4xx_rcc.o(.text)
    RCC_LSEModeConfig                        0x08006723   Thumb Code    40  stm32f4xx_rcc.o(.text)
    RCC_ITConfig                             0x0800674b   Thumb Code    34  stm32f4xx_rcc.o(.text)
    RCC_ClearFlag                            0x0800676d   Thumb Code    18  stm32f4xx_rcc.o(.text)
    RCC_GetITStatus                          0x0800677f   Thumb Code    22  stm32f4xx_rcc.o(.text)
    RCC_ClearITPendingBit                    0x08006795   Thumb Code     8  stm32f4xx_rcc.o(.text)
    TIM_DeInit                               0x080067a1   Thumb Code   346  stm32f4xx_tim.o(.text)
    TIM_TimeBaseInit                         0x080068fb   Thumb Code   104  stm32f4xx_tim.o(.text)
    TIM_TimeBaseStructInit                   0x08006963   Thumb Code    18  stm32f4xx_tim.o(.text)
    TIM_PrescalerConfig                      0x08006975   Thumb Code     6  stm32f4xx_tim.o(.text)
    TIM_CounterModeConfig                    0x0800697b   Thumb Code    18  stm32f4xx_tim.o(.text)
    TIM_SetCounter                           0x0800698d   Thumb Code     4  stm32f4xx_tim.o(.text)
    TIM_SetAutoreload                        0x08006991   Thumb Code     4  stm32f4xx_tim.o(.text)
    TIM_GetCounter                           0x08006995   Thumb Code     6  stm32f4xx_tim.o(.text)
    TIM_GetPrescaler                         0x0800699b   Thumb Code     6  stm32f4xx_tim.o(.text)
    TIM_UpdateDisableConfig                  0x080069a1   Thumb Code    24  stm32f4xx_tim.o(.text)
    TIM_UpdateRequestConfig                  0x080069b9   Thumb Code    24  stm32f4xx_tim.o(.text)
    TIM_ARRPreloadConfig                     0x080069d1   Thumb Code    24  stm32f4xx_tim.o(.text)
    TIM_SelectOnePulseMode                   0x080069e9   Thumb Code    18  stm32f4xx_tim.o(.text)
    TIM_SetClockDivision                     0x080069fb   Thumb Code    18  stm32f4xx_tim.o(.text)
    TIM_Cmd                                  0x08006a0d   Thumb Code    24  stm32f4xx_tim.o(.text)
    TIM_OC1Init                              0x08006a25   Thumb Code   114  stm32f4xx_tim.o(.text)
    TIM_OC2Init                              0x08006a97   Thumb Code   154  stm32f4xx_tim.o(.text)
    TIM_OC3Init                              0x08006b31   Thumb Code   204  stm32f4xx_tim.o(.text)
    TIM_OC4Init                              0x08006bfd   Thumb Code   112  stm32f4xx_tim.o(.text)
    TIM_OCStructInit                         0x08006c6d   Thumb Code    20  stm32f4xx_tim.o(.text)
    TIM_SelectOCxM                           0x08006c81   Thumb Code    86  stm32f4xx_tim.o(.text)
    TIM_SetCompare1                          0x08006cd7   Thumb Code     4  stm32f4xx_tim.o(.text)
    TIM_SetCompare2                          0x08006cdb   Thumb Code     4  stm32f4xx_tim.o(.text)
    TIM_SetCompare3                          0x08006cdf   Thumb Code     4  stm32f4xx_tim.o(.text)
    TIM_SetCompare4                          0x08006ce3   Thumb Code     4  stm32f4xx_tim.o(.text)
    TIM_ForcedOC1Config                      0x08006ce7   Thumb Code    18  stm32f4xx_tim.o(.text)
    TIM_ForcedOC2Config                      0x08006cf9   Thumb Code    26  stm32f4xx_tim.o(.text)
    TIM_ForcedOC3Config                      0x08006d13   Thumb Code    18  stm32f4xx_tim.o(.text)
    TIM_ForcedOC4Config                      0x08006d25   Thumb Code    26  stm32f4xx_tim.o(.text)
    TIM_OC1PreloadConfig                     0x08006d3f   Thumb Code    18  stm32f4xx_tim.o(.text)
    TIM_OC2PreloadConfig                     0x08006d51   Thumb Code    26  stm32f4xx_tim.o(.text)
    TIM_OC3PreloadConfig                     0x08006d6b   Thumb Code    18  stm32f4xx_tim.o(.text)
    TIM_OC4PreloadConfig                     0x08006d7d   Thumb Code    26  stm32f4xx_tim.o(.text)
    TIM_OC1FastConfig                        0x08006d97   Thumb Code    18  stm32f4xx_tim.o(.text)
    TIM_OC2FastConfig                        0x08006da9   Thumb Code    26  stm32f4xx_tim.o(.text)
    TIM_OC3FastConfig                        0x08006dc3   Thumb Code    18  stm32f4xx_tim.o(.text)
    TIM_OC4FastConfig                        0x08006dd5   Thumb Code    26  stm32f4xx_tim.o(.text)
    TIM_ClearOC1Ref                          0x08006def   Thumb Code    18  stm32f4xx_tim.o(.text)
    TIM_ClearOC2Ref                          0x08006e01   Thumb Code    24  stm32f4xx_tim.o(.text)
    TIM_ClearOC3Ref                          0x08006e19   Thumb Code    18  stm32f4xx_tim.o(.text)
    TIM_ClearOC4Ref                          0x08006e2b   Thumb Code    24  stm32f4xx_tim.o(.text)
    TIM_OC1PolarityConfig                    0x08006e43   Thumb Code    18  stm32f4xx_tim.o(.text)
    TIM_OC1NPolarityConfig                   0x08006e55   Thumb Code    18  stm32f4xx_tim.o(.text)
    TIM_OC2PolarityConfig                    0x08006e67   Thumb Code    26  stm32f4xx_tim.o(.text)
    TIM_OC2NPolarityConfig                   0x08006e81   Thumb Code    26  stm32f4xx_tim.o(.text)
    TIM_OC3PolarityConfig                    0x08006e9b   Thumb Code    26  stm32f4xx_tim.o(.text)
    TIM_OC3NPolarityConfig                   0x08006eb5   Thumb Code    26  stm32f4xx_tim.o(.text)
    TIM_OC4PolarityConfig                    0x08006ecf   Thumb Code    26  stm32f4xx_tim.o(.text)
    TIM_CCxCmd                               0x08006ee9   Thumb Code    30  stm32f4xx_tim.o(.text)
    TIM_CCxNCmd                              0x08006f07   Thumb Code    30  stm32f4xx_tim.o(.text)
    TIM_SetIC4Prescaler                      0x08006f25   Thumb Code    26  stm32f4xx_tim.o(.text)
    TIM_SetIC3Prescaler                      0x08006f8f   Thumb Code    18  stm32f4xx_tim.o(.text)
    TIM_SetIC2Prescaler                      0x08006fe9   Thumb Code    26  stm32f4xx_tim.o(.text)
    TIM_SetIC1Prescaler                      0x0800705d   Thumb Code    18  stm32f4xx_tim.o(.text)
    TIM_ICInit                               0x080070a9   Thumb Code   110  stm32f4xx_tim.o(.text)
    TIM_ICStructInit                         0x08007117   Thumb Code    18  stm32f4xx_tim.o(.text)
    TIM_PWMIConfig                           0x08007129   Thumb Code   124  stm32f4xx_tim.o(.text)
    TIM_GetCapture1                          0x080071a5   Thumb Code     6  stm32f4xx_tim.o(.text)
    TIM_GetCapture2                          0x080071ab   Thumb Code     6  stm32f4xx_tim.o(.text)
    TIM_GetCapture3                          0x080071b1   Thumb Code     6  stm32f4xx_tim.o(.text)
    TIM_GetCapture4                          0x080071b7   Thumb Code     6  stm32f4xx_tim.o(.text)
    TIM_BDTRConfig                           0x080071bd   Thumb Code    32  stm32f4xx_tim.o(.text)
    TIM_BDTRStructInit                       0x080071dd   Thumb Code    18  stm32f4xx_tim.o(.text)
    TIM_CtrlPWMOutputs                       0x080071ef   Thumb Code    30  stm32f4xx_tim.o(.text)
    TIM_SelectCOM                            0x0800720d   Thumb Code    24  stm32f4xx_tim.o(.text)
    TIM_CCPreloadControl                     0x08007225   Thumb Code    24  stm32f4xx_tim.o(.text)
    TIM_ITConfig                             0x0800723d   Thumb Code    18  stm32f4xx_tim.o(.text)
    TIM_GenerateEvent                        0x0800724f   Thumb Code     4  stm32f4xx_tim.o(.text)
    TIM_GetFlagStatus                        0x08007253   Thumb Code    18  stm32f4xx_tim.o(.text)
    TIM_ClearFlag                            0x08007265   Thumb Code     6  stm32f4xx_tim.o(.text)
    TIM_GetITStatus                          0x0800726b   Thumb Code    34  stm32f4xx_tim.o(.text)
    TIM_ClearITPendingBit                    0x0800728d   Thumb Code     6  stm32f4xx_tim.o(.text)
    TIM_DMAConfig                            0x08007293   Thumb Code    10  stm32f4xx_tim.o(.text)
    TIM_DMACmd                               0x0800729d   Thumb Code    18  stm32f4xx_tim.o(.text)
    TIM_SelectCCDMA                          0x080072af   Thumb Code    24  stm32f4xx_tim.o(.text)
    TIM_InternalClockConfig                  0x080072c7   Thumb Code    12  stm32f4xx_tim.o(.text)
    TIM_SelectInputTrigger                   0x080072d3   Thumb Code    18  stm32f4xx_tim.o(.text)
    TIM_ITRxExternalClockConfig              0x080072e5   Thumb Code    24  stm32f4xx_tim.o(.text)
    TIM_TIxExternalClockConfig               0x080072fd   Thumb Code    62  stm32f4xx_tim.o(.text)
    TIM_ETRConfig                            0x0800733b   Thumb Code    28  stm32f4xx_tim.o(.text)
    TIM_ETRClockMode1Config                  0x08007357   Thumb Code    54  stm32f4xx_tim.o(.text)
    TIM_ETRClockMode2Config                  0x0800738d   Thumb Code    32  stm32f4xx_tim.o(.text)
    TIM_SelectOutputTrigger                  0x080073ad   Thumb Code    18  stm32f4xx_tim.o(.text)
    TIM_SelectSlaveMode                      0x080073bf   Thumb Code    18  stm32f4xx_tim.o(.text)
    TIM_SelectMasterSlaveMode                0x080073d1   Thumb Code    18  stm32f4xx_tim.o(.text)
    TIM_EncoderInterfaceConfig               0x080073e3   Thumb Code    66  stm32f4xx_tim.o(.text)
    TIM_SelectHallSensor                     0x08007425   Thumb Code    24  stm32f4xx_tim.o(.text)
    TIM_RemapConfig                          0x0800743d   Thumb Code     6  stm32f4xx_tim.o(.text)
    USART_DeInit                             0x08007445   Thumb Code   206  stm32f4xx_usart.o(.text)
    USART_Init                               0x08007513   Thumb Code   204  stm32f4xx_usart.o(.text)
    USART_StructInit                         0x080075df   Thumb Code    24  stm32f4xx_usart.o(.text)
    USART_ClockInit                          0x080075f7   Thumb Code    32  stm32f4xx_usart.o(.text)
    USART_ClockStructInit                    0x08007617   Thumb Code    12  stm32f4xx_usart.o(.text)
    USART_Cmd                                0x08007623   Thumb Code    24  stm32f4xx_usart.o(.text)
    USART_SetPrescaler                       0x0800763b   Thumb Code    16  stm32f4xx_usart.o(.text)
    USART_OverSampling8Cmd                   0x0800764b   Thumb Code    22  stm32f4xx_usart.o(.text)
    USART_OneBitMethodCmd                    0x08007661   Thumb Code    24  stm32f4xx_usart.o(.text)
    USART_SendData                           0x08007679   Thumb Code     8  stm32f4xx_usart.o(.text)
    USART_ReceiveData                        0x08007681   Thumb Code    10  stm32f4xx_usart.o(.text)
    USART_SetAddress                         0x0800768b   Thumb Code    18  stm32f4xx_usart.o(.text)
    USART_ReceiverWakeUpCmd                  0x0800769d   Thumb Code    24  stm32f4xx_usart.o(.text)
    USART_WakeUpConfig                       0x080076b5   Thumb Code    18  stm32f4xx_usart.o(.text)
    USART_LINBreakDetectLengthConfig         0x080076c7   Thumb Code    18  stm32f4xx_usart.o(.text)
    USART_LINCmd                             0x080076d9   Thumb Code    24  stm32f4xx_usart.o(.text)
    USART_SendBreak                          0x080076f1   Thumb Code    10  stm32f4xx_usart.o(.text)
    USART_HalfDuplexCmd                      0x080076fb   Thumb Code    24  stm32f4xx_usart.o(.text)
    USART_SetGuardTime                       0x08007713   Thumb Code    16  stm32f4xx_usart.o(.text)
    USART_SmartCardCmd                       0x08007723   Thumb Code    24  stm32f4xx_usart.o(.text)
    USART_SmartCardNACKCmd                   0x0800773b   Thumb Code    24  stm32f4xx_usart.o(.text)
    USART_IrDAConfig                         0x08007753   Thumb Code    18  stm32f4xx_usart.o(.text)
    USART_IrDACmd                            0x08007765   Thumb Code    24  stm32f4xx_usart.o(.text)
    USART_DMACmd                             0x0800777d   Thumb Code    18  stm32f4xx_usart.o(.text)
    USART_ITConfig                           0x0800778f   Thumb Code    74  stm32f4xx_usart.o(.text)
    USART_GetFlagStatus                      0x080077d9   Thumb Code    26  stm32f4xx_usart.o(.text)
    USART_ClearFlag                          0x080077f3   Thumb Code    18  stm32f4xx_usart.o(.text)
    USART_GetITStatus                        0x08007805   Thumb Code   118  stm32f4xx_usart.o(.text)
    USART_ClearITPendingBit                  0x0800787b   Thumb Code    30  stm32f4xx_usart.o(.text)
    ULTRASONIC_TIM11_Cap_Init                0x08007899   Thumb Code   180  ultrasonic.o(.text)
    ULTRASONIC_TIM12_Cap_Init                0x0800794d   Thumb Code   188  ultrasonic.o(.text)
    ULTRASONIC_TIM8_Cap_Init                 0x08007a09   Thumb Code   232  ultrasonic.o(.text)
    ULTRASONIC_TRIG_Config                   0x08007af1   Thumb Code    46  ultrasonic.o(.text)
    ULTRA_OBSTAC_AVOID                       0x08007b1f   Thumb Code   922  ultrasonic.o(.text)
    StartMeasureTIM8CH4                      0x08007eb9   Thumb Code   118  ultrasonic.o(.text)
    StartMeasureTIM8CH3                      0x08007f2f   Thumb Code   118  ultrasonic.o(.text)
    StartMeasureTIM12                        0x08007fa5   Thumb Code   114  ultrasonic.o(.text)
    StartMeasureTIM11                        0x08008017   Thumb Code   114  ultrasonic.o(.text)
    ULTRASONIC_START                         0x08008089   Thumb Code    40  ultrasonic.o(.text)
    TIM1_TRG_COM_TIM11_IRQHandler            0x080080b1   Thumb Code   292  ultrasonic.o(.text)
    TIM8_BRK_TIM12_IRQHandler                0x080081d5   Thumb Code   212  ultrasonic.o(.text)
    TIM8_CC_IRQHandler                       0x080082a9   Thumb Code   442  ultrasonic.o(.text)
    matrix_Init                              0x08008475   Thumb Code   282  location.o(.text)
    pos_from_encoder                         0x0800858f   Thumb Code   224  location.o(.text)
    cal_sensor_angle                         0x0800866f   Thumb Code   246  location.o(.text)
    cal_agv_pos                              0x08008765   Thumb Code   804  location.o(.text)
    Sin_Lookup                               0x08008aa1   Thumb Code   100  tri_lookup.o(.text)
    Cos_Lookup                               0x08008b05   Thumb Code    24  tri_lookup.o(.text)
    PID_Math_Init                            0x08008b25   Thumb Code    36  motion.o(.text)
    is_nan                                   0x08008b49   Thumb Code    36  motion.o(.text)
    trans_nan                                0x08008b6d   Thumb Code    76  motion.o(.text)
    positional_PID_Control                   0x08008bb9   Thumb Code   258  motion.o(.text)
    pid_setup                                0x08008cbb   Thumb Code  3300  motion.o(.text)
    pid_select                               0x0800999f   Thumb Code   496  motion.o(.text)
    omega_to_pwm                             0x08009b8f   Thumb Code   360  motion.o(.text)
    vehicle_to_LR                            0x08009cf7   Thumb Code    88  motion.o(.text)
    s_acc                                    0x08009d4f   Thumb Code  1196  motion.o(.text)
    pid_control                              0x0800a1fb   Thumb Code  1526  motion.o(.text)
    MOTION_CONTROL                           0x0800a7f1   Thumb Code    16  motion.o(.text)
    get_data                                 0x0800a841   Thumb Code    22  s_lookup.o(.text)
    InitQueue                                0x0800a861   Thumb Code    66  my_queue.o(.text)
    QueueLength                              0x0800a8a3   Thumb Code    30  my_queue.o(.text)
    EnQueue                                  0x0800a8c1   Thumb Code    56  my_queue.o(.text)
    DeQueue                                  0x0800a8f9   Thumb Code    64  my_queue.o(.text)
    AveQueue                                 0x0800a939   Thumb Code   110  my_queue.o(.text)
    HeadQueue                                0x0800a9a7   Thumb Code    16  my_queue.o(.text)
    TailQueue                                0x0800a9b7   Thumb Code    28  my_queue.o(.text)
    process_que                              0x0800a9d3   Thumb Code   108  my_queue.o(.text)
    ROS_Set_Data_Num                         0x0800aa61   Thumb Code   126  ros_interface.o(.text)
    send_to_ros                              0x0800aafd   Thumb Code   286  ros_interface.o(.text)
    recieve_from_ros                         0x0800ac1b   Thumb Code   202  ros_interface.o(.text)
    handle_data                              0x0800ace5   Thumb Code    32  ros_interface.o(.text)
    ROS_DMA_Enable                           0x0800ad05   Thumb Code    44  ros_interface.o(.text)
    ROS_DMA_Config                           0x0800ad31   Thumb Code   522  ros_interface.o(.text)
    USART3_IRQHandler                        0x0800af3b   Thumb Code    30  ros_interface.o(.text)
    arm_mat_init_f32                         0x0800af61   Thumb Code     8  arm_mat_init_f32.o(.text)
    arm_mat_inverse_f32                      0x0800af69   Thumb Code  1280  arm_mat_inverse_f32.o(.text)
    arm_mat_mult_f32                         0x0800b469   Thumb Code   242  arm_mat_mult_f32.o(.text)
    __use_no_semihosting                     0x0800b561   Thumb Code     2  use_no_semi_2.o(.text)
    __aeabi_ldivmod                          0x0800b563   Thumb Code     0  llsdiv.o(.text)
    _ll_sdiv                                 0x0800b563   Thumb Code    72  llsdiv.o(.text)
    __2printf                                0x0800b5ad   Thumb Code    20  noretval__2printf.o(.text)
    _printf_pre_padding                      0x0800b5c5   Thumb Code    44  _printf_pad.o(.text)
    _printf_post_padding                     0x0800b5f1   Thumb Code    34  _printf_pad.o(.text)
    _printf_str                              0x0800b613   Thumb Code    82  _printf_str.o(.text)
    _printf_int_dec                          0x0800b665   Thumb Code   104  _printf_dec.o(.text)
    _printf_int_hex                          0x0800b6dd   Thumb Code    84  _printf_hex_int.o(.text)
    _printf_longlong_hex                     0x0800b6dd   Thumb Code     0  _printf_hex_int.o(.text)
    __printf                                 0x0800b735   Thumb Code   308  __printf_flags_wp.o(.text)
    memcmp                                   0x0800b86d   Thumb Code    88  memcmp.o(.text)
    __aeabi_memcpy4                          0x0800b8c5   Thumb Code     0  rt_memcpy_w.o(.text)
    __aeabi_memcpy8                          0x0800b8c5   Thumb Code     0  rt_memcpy_w.o(.text)
    __rt_memcpy_w                            0x0800b8c5   Thumb Code   100  rt_memcpy_w.o(.text)
    _memcpy_lastbytes_aligned                0x0800b90d   Thumb Code     0  rt_memcpy_w.o(.text)
    __aeabi_memset                           0x0800b929   Thumb Code    16  aeabi_memset.o(.text)
    __aeabi_memclr4                          0x0800b939   Thumb Code     0  rt_memclr_w.o(.text)
    __aeabi_memclr8                          0x0800b939   Thumb Code     0  rt_memclr_w.o(.text)
    __rt_memclr_w                            0x0800b939   Thumb Code    78  rt_memclr_w.o(.text)
    _memset_w                                0x0800b93d   Thumb Code     0  rt_memclr_w.o(.text)
    __use_two_region_memory                  0x0800b987   Thumb Code     2  heapauxi.o(.text)
    __rt_heap_escrow$2region                 0x0800b989   Thumb Code     2  heapauxi.o(.text)
    __rt_heap_expand$2region                 0x0800b98b   Thumb Code     2  heapauxi.o(.text)
    __I$use$semihosting                      0x0800b98d   Thumb Code     0  use_no_semi.o(.text)
    __use_no_semihosting_swi                 0x0800b98d   Thumb Code     2  use_no_semi.o(.text)
    __aeabi_uldivmod                         0x0800b98f   Thumb Code     0  lludivv7m.o(.text)
    _ll_udiv                                 0x0800b98f   Thumb Code   238  lludivv7m.o(.text)
    __read_errno                             0x0800ba7d   Thumb Code    10  _rserrno.o(.text)
    __set_errno                              0x0800ba87   Thumb Code    12  _rserrno.o(.text)
    _printf_int_common                       0x0800ba93   Thumb Code   178  _printf_intcommon.o(.text)
    __lib_sel_fp_printf                      0x0800bb45   Thumb Code     2  _printf_fp_dec.o(.text)
    _printf_fp_dec_real                      0x0800bcf7   Thumb Code   620  _printf_fp_dec.o(.text)
    _printf_cs_common                        0x0800bf63   Thumb Code    20  _printf_char.o(.text)
    _printf_char                             0x0800bf77   Thumb Code    16  _printf_char.o(.text)
    _printf_string                           0x0800bf87   Thumb Code     8  _printf_char.o(.text)
    _printf_char_file                        0x0800bf91   Thumb Code    32  _printf_char_file.o(.text)
    __aeabi_memclr                           0x0800bfb5   Thumb Code     0  rt_memclr.o(.text)
    __rt_memclr                              0x0800bfb5   Thumb Code    68  rt_memclr.o(.text)
    _memset                                  0x0800bfb9   Thumb Code     0  rt_memclr.o(.text)
    __rt_locale                              0x0800bff9   Thumb Code     8  rt_locale_intlibspace.o(.text)
    __aeabi_errno_addr                       0x0800c001   Thumb Code     8  rt_errno_addr_intlibspace.o(.text)
    __errno$intlibspace                      0x0800c001   Thumb Code     0  rt_errno_addr_intlibspace.o(.text)
    __rt_errno_addr$intlibspace              0x0800c001   Thumb Code     0  rt_errno_addr_intlibspace.o(.text)
    _ll_udiv10                               0x0800c009   Thumb Code   138  lludiv10.o(.text)
    _printf_char_common                      0x0800c09f   Thumb Code    32  _printf_char_common.o(.text)
    _printf_fp_infnan                        0x0800c0c5   Thumb Code   112  _printf_fp_infnan.o(.text)
    _btod_etento                             0x0800c145   Thumb Code   224  bigflt0.o(.text)
    ferror                                   0x0800c229   Thumb Code     8  ferror.o(.text)
    __user_libspace                          0x0800c231   Thumb Code     8  libspace.o(.text)
    __user_perproc_libspace                  0x0800c231   Thumb Code     0  libspace.o(.text)
    __user_perthread_libspace                0x0800c231   Thumb Code     0  libspace.o(.text)
    __user_setup_stackheap                   0x0800c239   Thumb Code    74  sys_stackheap_outer.o(.text)
    exit                                     0x0800c283   Thumb Code    18  exit.o(.text)
    strcmp                                   0x0800c295   Thumb Code   128  strcmpv7m.o(.text)
    _btod_d2e                                0x0800c315   Thumb Code    62  btod.o(CL$$btod_d2e)
    _d2e_denorm_low                          0x0800c353   Thumb Code    70  btod.o(CL$$btod_d2e_denorm_low)
    _d2e_norm_op1                            0x0800c399   Thumb Code    96  btod.o(CL$$btod_d2e_norm_op1)
    __btod_div_common                        0x0800c3f9   Thumb Code   696  btod.o(CL$$btod_div_common)
    _e2e                                     0x0800c731   Thumb Code   220  btod.o(CL$$btod_e2e)
    _btod_ediv                               0x0800c80d   Thumb Code    42  btod.o(CL$$btod_ediv)
    _btod_emul                               0x0800c837   Thumb Code    42  btod.o(CL$$btod_emul)
    __btod_mult_common                       0x0800c861   Thumb Code   580  btod.o(CL$$btod_mult_common)
    __ARM_fpclassify                         0x0800caa5   Thumb Code    48  fpclassify.o(i.__ARM_fpclassify)
    __ARM_isnanf                             0x0800cad5   Thumb Code    14  motion.o(i.__ARM_isnanf)
    __hardfp_asin                            0x0800cae9   Thumb Code   770  asin.o(i.__hardfp_asin)
    __hardfp_atan                            0x0800ce49   Thumb Code   622  atan.o(i.__hardfp_atan)
    __hardfp_atan2                           0x0800d121   Thumb Code   432  atan2.o(i.__hardfp_atan2)
    __hardfp_fabs                            0x0800d311   Thumb Code    20  fabs.o(i.__hardfp_fabs)
    __kernel_poly                            0x0800d325   Thumb Code   248  poly.o(i.__kernel_poly)
    __mathlib_dbl_infnan                     0x0800d41d   Thumb Code    20  dunder.o(i.__mathlib_dbl_infnan)
    __mathlib_dbl_infnan2                    0x0800d431   Thumb Code    20  dunder.o(i.__mathlib_dbl_infnan2)
    __mathlib_dbl_invalid                    0x0800d449   Thumb Code    24  dunder.o(i.__mathlib_dbl_invalid)
    __mathlib_dbl_underflow                  0x0800d469   Thumb Code    24  dunder.o(i.__mathlib_dbl_underflow)
    _is_digit                                0x0800d489   Thumb Code    14  __printf_wp.o(i._is_digit)
    atan                                     0x0800d497   Thumb Code    16  atan.o(i.atan)
    fabs                                     0x0800d4a7   Thumb Code    24  fabs.o(i.fabs)
    sqrt                                     0x0800d4bf   Thumb Code   110  sqrt.o(i.sqrt)
    _get_lc_numeric                          0x0800d52d   Thumb Code    44  lc_numeric_c.o(locale$$code)
    __aeabi_dneg                             0x0800d559   Thumb Code     0  basic.o(x$fpl$basic)
    _dneg                                    0x0800d559   Thumb Code     6  basic.o(x$fpl$basic)
    __aeabi_fneg                             0x0800d55f   Thumb Code     0  basic.o(x$fpl$basic)
    _fneg                                    0x0800d55f   Thumb Code     6  basic.o(x$fpl$basic)
    _dabs                                    0x0800d565   Thumb Code     6  basic.o(x$fpl$basic)
    _fabs                                    0x0800d56b   Thumb Code     6  basic.o(x$fpl$basic)
    __aeabi_d2f                              0x0800d571   Thumb Code     0  d2f.o(x$fpl$d2f)
    _d2f                                     0x0800d571   Thumb Code    98  d2f.o(x$fpl$d2f)
    __aeabi_dadd                             0x0800d5d5   Thumb Code     0  daddsub_clz.o(x$fpl$dadd)
    _dadd                                    0x0800d5d5   Thumb Code   332  daddsub_clz.o(x$fpl$dadd)
    __fpl_dcmp_Inf                           0x0800d725   Thumb Code    24  dcmpi.o(x$fpl$dcmpinf)
    __aeabi_ddiv                             0x0800d73d   Thumb Code     0  ddiv.o(x$fpl$ddiv)
    _ddiv                                    0x0800d73d   Thumb Code   552  ddiv.o(x$fpl$ddiv)
    __aeabi_d2iz                             0x0800d9ed   Thumb Code     0  dfix.o(x$fpl$dfix)
    _dfix                                    0x0800d9ed   Thumb Code    94  dfix.o(x$fpl$dfix)
    __aeabi_d2uiz                            0x0800da4d   Thumb Code     0  dfixu.o(x$fpl$dfixu)
    _dfixu                                   0x0800da4d   Thumb Code    90  dfixu.o(x$fpl$dfixu)
    __aeabi_i2d                              0x0800daa7   Thumb Code     0  dflt_clz.o(x$fpl$dflt)
    _dflt                                    0x0800daa7   Thumb Code    46  dflt_clz.o(x$fpl$dflt)
    __aeabi_ui2d                             0x0800dad5   Thumb Code     0  dflt_clz.o(x$fpl$dfltu)
    _dfltu                                   0x0800dad5   Thumb Code    38  dflt_clz.o(x$fpl$dfltu)
    __aeabi_cdcmple                          0x0800dafd   Thumb Code     0  dleqf.o(x$fpl$dleqf)
    _dcmple                                  0x0800dafd   Thumb Code   120  dleqf.o(x$fpl$dleqf)
    __fpl_dcmple_InfNaN                      0x0800db5f   Thumb Code     0  dleqf.o(x$fpl$dleqf)
    __aeabi_dmul                             0x0800db75   Thumb Code     0  dmul.o(x$fpl$dmul)
    _dmul                                    0x0800db75   Thumb Code   332  dmul.o(x$fpl$dmul)
    __fpl_dnaninf                            0x0800dcc9   Thumb Code   156  dnaninf.o(x$fpl$dnaninf)
    __fpl_dretinf                            0x0800dd65   Thumb Code    12  dretinf.o(x$fpl$dretinf)
    __aeabi_cdrcmple                         0x0800dd71   Thumb Code     0  drleqf.o(x$fpl$drleqf)
    _drcmple                                 0x0800dd71   Thumb Code   108  drleqf.o(x$fpl$drleqf)
    __aeabi_drsub                            0x0800dddd   Thumb Code     0  daddsub_clz.o(x$fpl$drsb)
    _drsb                                    0x0800dddd   Thumb Code    22  daddsub_clz.o(x$fpl$drsb)
    _dsqrt                                   0x0800ddf5   Thumb Code   404  dsqrt_umaal.o(x$fpl$dsqrt)
    __aeabi_dsub                             0x0800df8d   Thumb Code     0  daddsub_clz.o(x$fpl$dsub)
    _dsub                                    0x0800df8d   Thumb Code   464  daddsub_clz.o(x$fpl$dsub)
    __aeabi_f2d                              0x0800e161   Thumb Code     0  f2d.o(x$fpl$f2d)
    _f2d                                     0x0800e161   Thumb Code    86  f2d.o(x$fpl$f2d)
    __fpl_fnaninf                            0x0800e1b7   Thumb Code   140  fnaninf.o(x$fpl$fnaninf)
    _fp_init                                 0x0800e243   Thumb Code    10  fpinit.o(x$fpl$fpinit)
    __fplib_config_fpu_vfp                   0x0800e24b   Thumb Code     0  fpinit.o(x$fpl$fpinit)
    __fplib_config_pureend_doubles           0x0800e24b   Thumb Code     0  fpinit.o(x$fpl$fpinit)
    __fpl_fretinf                            0x0800e24d   Thumb Code    10  fretinf.o(x$fpl$fretinf)
    _printf_fp_dec                           0x0800e257   Thumb Code     4  printf1.o(x$fpl$printf1)
    __I$use$fp                               0x0800e25a   Number         0  usenofp.o(x$fpl$usenofp)
    asc2_1206                                0x0800e25a   Data        1140  oled.o(.constdata)
    asc2_1608                                0x0800e6ce   Data        1520  oled.o(.constdata)
    asc2_2412                                0x0800ecbe   Data        3420  oled.o(.constdata)
    reg                                      0x0800fa1c   Data          27  inv_mpu.o(.constdata)
    hw                                       0x0800fa38   Data          12  inv_mpu.o(.constdata)
    test                                     0x0800fa44   Data          40  inv_mpu.o(.constdata)
    sin_lookup                               0x08010664   Data        3604  tri_lookup.o(.constdata)
    s_lookup                                 0x08011478   Data         484  s_lookup.o(.constdata)
    __mathlib_zero                           0x08011780   Data           8  qnan.o(.constdata)
    Region$$Table$$Base                      0x0801186c   Number         0  anon$$obj.o(Region$$Table)
    Region$$Table$$Limit                     0x0801188c   Number         0  anon$$obj.o(Region$$Table)
    SystemCoreClock                          0x20000000   Data           4  system_stm32f4xx.o(.data)
    AHBPrescTable                            0x20000004   Data          16  system_stm32f4xx.o(.data)
    key                                      0x20000014   Data           1  main.o(.data)
    key_local                                0x20000015   Data           1  main.o(.data)
    timeout_triple                           0x20000017   Data           1  timer.o(.data)
    RmtSta                                   0x20000018   Data           1  remote.o(.data)
    Dval                                     0x2000001a   Data           2  remote.o(.data)
    RmtRec                                   0x2000001c   Data           4  remote.o(.data)
    RmtCnt                                   0x20000020   Data           1  remote.o(.data)
    adc_100                                  0x20000022   Data           2  adc.o(.data)
    Moto1                                    0x20000028   Data           4  motor.o(.data)
    Moto2                                    0x2000002c   Data           4  motor.o(.data)
    __stdout                                 0x20000080   Data           4  usart.o(.data)
    USART_RX_STA                             0x20000084   Data           2  usart.o(.data)
    ultrasonic_dist1                         0x20000098   Data           4  ultrasonic.o(.data)
    ultrasonic_dist2                         0x2000009c   Data           4  ultrasonic.o(.data)
    ultrasonic_dist3                         0x200000a0   Data           4  ultrasonic.o(.data)
    ultrasonic_dist4                         0x200000a4   Data           4  ultrasonic.o(.data)
    ultra_stop_status                        0x200000a8   Data           1  ultrasonic.o(.data)
    times_enco_pos_temp                      0x200000d0   Data           4  location.o(.data)
    times_sensor_angle_temp                  0x200000d4   Data           4  location.o(.data)
    times_agv_pos_temp                       0x200000d8   Data           4  location.o(.data)
    theta_overall                            0x200000dc   Data           4  location.o(.data)
    kalman_theta                             0x200000e0   Data           4  location.o(.data)
    kalman_omga                              0x200000e4   Data           4  location.o(.data)
    encdr_data                               0x200000e8   Data           8  location.o(.data)
    times_enco_pos                           0x200000f0   Data           4  location.o(.data)
    times_sensor_angle                       0x200000f4   Data           4  location.o(.data)
    times_agv_pos                            0x200000f8   Data           4  location.o(.data)
    pos_encdr_mat                            0x200000fc   Data           8  location.o(.data)
    encdr_mat                                0x20000104   Data           8  location.o(.data)
    encdr_trans_mat                          0x2000010c   Data           8  location.o(.data)
    encdr_trans_mat_for_inv                  0x20000114   Data           8  location.o(.data)
    w_init_data                              0x2000011c   Data           4  location.o(.data)
    w_overall                                0x20000120   Data           4  location.o(.data)
    v_init_data                              0x20000124   Data           4  location.o(.data)
    v_overall                                0x20000128   Data           4  location.o(.data)
    mat_int_data                             0x2000012c   Data           8  location.o(.data)
    Encoder_Left                             0x20000134   Data           4  location.o(.data)
    Encoder_Right                            0x20000138   Data           4  location.o(.data)
    Enco_wL                                  0x2000013c   Data           4  location.o(.data)
    Enco_wR                                  0x20000140   Data           4  location.o(.data)
    robot_temperature                        0x20000144   Data           2  location.o(.data)
    robot_gx                                 0x20000146   Data           2  location.o(.data)
    robot_gy                                 0x20000148   Data           2  location.o(.data)
    robot_gz                                 0x2000014a   Data           2  location.o(.data)
    gyro_status                              0x2000014c   Data           1  location.o(.data)
    v_min                                    0x20000154   Data           4  location.o(.data)
    omega_min                                0x20000158   Data           4  location.o(.data)
    pos_clear_flag                           0x2000015c   Data           1  location.o(.data)
    motor_pid_debug                          0x20000170   Data           1  motion.o(.data)
    target_theta                             0x2000017c   Data           4  motion.o(.data)
    target_v                                 0x20000180   Data           4  motion.o(.data)
    target_omega                             0x20000184   Data           4  motion.o(.data)
    target_v_before_acc                      0x20000188   Data           4  motion.o(.data)
    target_omega_before_acc                  0x2000018c   Data           4  motion.o(.data)
    target_v_after_acc                       0x20000190   Data           4  motion.o(.data)
    target_omega_after_acc                   0x20000194   Data           4  motion.o(.data)
    enc_omega                                0x20000198   Data           8  motion.o(.data)
    agv_omega                                0x200001a0   Data           4  motion.o(.data)
    agv_v                                    0x200001a4   Data           4  motion.o(.data)
    agv_theta                                0x200001a8   Data           4  motion.o(.data)
    motor_status_L                           0x2000032c   Data           1  motion.o(.data)
    motor_status_R                           0x2000032d   Data           1  motion.o(.data)
    acc_complete_status                      0x2000032e   Data           1  motion.o(.data)
    acc_v_count_target                       0x20000330   Data           2  motion.o(.data)
    acc_omega_count_target                   0x20000332   Data           2  motion.o(.data)
    OLED_GRAM                                0x20000360   Data        1024  oled.o(.bss)
    capture                                  0x2000079c   Data          80  ultrasonic.o(.bss)
    pos_b                                    0x200008d8   Data          12  location.o(.bss)
    vw_from_ros                              0x20000904   Data          12  ros_interface.o(.bss)
    __libspace_start                         0x20000978   Data          96  libspace.o(.bss)
    __temporary_stack_top$libspace           0x200009d8   Data           0  libspace.o(.bss)



==============================================================================

Memory Map of the image

  Image Entry point : 0x08000189

  Load Region LR_IROM1 (Base: 0x08000000, Size: 0x00011c08, Max: 0x00100000, ABSOLUTE, COMPRESSED[0x00011900])

    Execution Region ER_IROM1 (Exec base: 0x08000000, Load base: 0x08000000, Size: 0x000118a8, Max: 0x00100000, ABSOLUTE)

    Exec Addr    Load Addr    Size         Type   Attr      Idx    E Section Name        Object

    0x08000000   0x08000000   0x00000188   Data   RO          767    RESET               startup_stm32f40_41xxx.o
    0x08000188   0x08000188   0x00000008   Code   RO         1841  * !!!main             c_w.l(__main.o)
    0x08000190   0x08000190   0x00000034   Code   RO         2205    !!!scatter          c_w.l(__scatter.o)
    0x080001c4   0x080001c4   0x0000005a   Code   RO         2203    !!dczerorl2         c_w.l(__dczerorl2.o)
    0x0800021e   0x0800021e   0x00000002   PAD
    0x08000220   0x08000220   0x0000001c   Code   RO         2207    !!handler_zi        c_w.l(__scatter_zi.o)
    0x0800023c   0x0800023c   0x00000000   Code   RO         1830    .ARM.Collect$$_printf_percent$$00000000  c_w.l(_printf_percent.o)
    0x0800023c   0x0800023c   0x00000006   Code   RO         1829    .ARM.Collect$$_printf_percent$$00000003  c_w.l(_printf_f.o)
    0x08000242   0x08000242   0x00000006   Code   RO         1828    .ARM.Collect$$_printf_percent$$00000009  c_w.l(_printf_d.o)
    0x08000248   0x08000248   0x00000006   Code   RO         1827    .ARM.Collect$$_printf_percent$$0000000C  c_w.l(_printf_x.o)
    0x0800024e   0x0800024e   0x00000006   Code   RO         1826    .ARM.Collect$$_printf_percent$$00000013  c_w.l(_printf_c.o)
    0x08000254   0x08000254   0x00000004   Code   RO         1928    .ARM.Collect$$_printf_percent$$00000017  c_w.l(_printf_percent_end.o)
    0x08000258   0x08000258   0x00000002   Code   RO         2076    .ARM.Collect$$libinit$$00000000  c_w.l(libinit.o)
    0x0800025a   0x0800025a   0x00000004   Code   RO         2077    .ARM.Collect$$libinit$$00000001  c_w.l(libinit2.o)
    0x0800025e   0x0800025e   0x00000000   Code   RO         2080    .ARM.Collect$$libinit$$00000004  c_w.l(libinit2.o)
    0x0800025e   0x0800025e   0x00000000   Code   RO         2083    .ARM.Collect$$libinit$$0000000A  c_w.l(libinit2.o)
    0x0800025e   0x0800025e   0x00000000   Code   RO         2085    .ARM.Collect$$libinit$$0000000C  c_w.l(libinit2.o)
    0x0800025e   0x0800025e   0x00000000   Code   RO         2087    .ARM.Collect$$libinit$$0000000E  c_w.l(libinit2.o)
    0x0800025e   0x0800025e   0x00000006   Code   RO         2088    .ARM.Collect$$libinit$$0000000F  c_w.l(libinit2.o)
    0x08000264   0x08000264   0x00000000   Code   RO         2090    .ARM.Collect$$libinit$$00000011  c_w.l(libinit2.o)
    0x08000264   0x08000264   0x00000000   Code   RO         2092    .ARM.Collect$$libinit$$00000013  c_w.l(libinit2.o)
    0x08000264   0x08000264   0x00000000   Code   RO         2094    .ARM.Collect$$libinit$$00000015  c_w.l(libinit2.o)
    0x08000264   0x08000264   0x0000000a   Code   RO         2095    .ARM.Collect$$libinit$$00000016  c_w.l(libinit2.o)
    0x0800026e   0x0800026e   0x00000000   Code   RO         2096    .ARM.Collect$$libinit$$00000017  c_w.l(libinit2.o)
    0x0800026e   0x0800026e   0x00000000   Code   RO         2098    .ARM.Collect$$libinit$$00000019  c_w.l(libinit2.o)
    0x0800026e   0x0800026e   0x00000000   Code   RO         2100    .ARM.Collect$$libinit$$0000001B  c_w.l(libinit2.o)
    0x0800026e   0x0800026e   0x00000000   Code   RO         2102    .ARM.Collect$$libinit$$0000001D  c_w.l(libinit2.o)
    0x0800026e   0x0800026e   0x00000000   Code   RO         2104    .ARM.Collect$$libinit$$0000001F  c_w.l(libinit2.o)
    0x0800026e   0x0800026e   0x00000000   Code   RO         2106    .ARM.Collect$$libinit$$00000021  c_w.l(libinit2.o)
    0x0800026e   0x0800026e   0x00000000   Code   RO         2108    .ARM.Collect$$libinit$$00000023  c_w.l(libinit2.o)
    0x0800026e   0x0800026e   0x00000000   Code   RO         2110    .ARM.Collect$$libinit$$00000025  c_w.l(libinit2.o)
    0x0800026e   0x0800026e   0x00000000   Code   RO         2114    .ARM.Collect$$libinit$$0000002C  c_w.l(libinit2.o)
    0x0800026e   0x0800026e   0x00000000   Code   RO         2116    .ARM.Collect$$libinit$$0000002E  c_w.l(libinit2.o)
    0x0800026e   0x0800026e   0x00000000   Code   RO         2118    .ARM.Collect$$libinit$$00000030  c_w.l(libinit2.o)
    0x0800026e   0x0800026e   0x00000000   Code   RO         2120    .ARM.Collect$$libinit$$00000032  c_w.l(libinit2.o)
    0x0800026e   0x0800026e   0x00000002   Code   RO         2121    .ARM.Collect$$libinit$$00000033  c_w.l(libinit2.o)
    0x08000270   0x08000270   0x00000002   Code   RO         2163    .ARM.Collect$$libshutdown$$00000000  c_w.l(libshutdown.o)
    0x08000272   0x08000272   0x00000000   Code   RO         2172    .ARM.Collect$$libshutdown$$00000002  c_w.l(libshutdown2.o)
    0x08000272   0x08000272   0x00000000   Code   RO         2174    .ARM.Collect$$libshutdown$$00000004  c_w.l(libshutdown2.o)
    0x08000272   0x08000272   0x00000000   Code   RO         2177    .ARM.Collect$$libshutdown$$00000007  c_w.l(libshutdown2.o)
    0x08000272   0x08000272   0x00000000   Code   RO         2180    .ARM.Collect$$libshutdown$$0000000A  c_w.l(libshutdown2.o)
    0x08000272   0x08000272   0x00000000   Code   RO         2182    .ARM.Collect$$libshutdown$$0000000C  c_w.l(libshutdown2.o)
    0x08000272   0x08000272   0x00000000   Code   RO         2185    .ARM.Collect$$libshutdown$$0000000F  c_w.l(libshutdown2.o)
    0x08000272   0x08000272   0x00000002   Code   RO         2186    .ARM.Collect$$libshutdown$$00000010  c_w.l(libshutdown2.o)
    0x08000274   0x08000274   0x00000000   Code   RO         1915    .ARM.Collect$$rtentry$$00000000  c_w.l(__rtentry.o)
    0x08000274   0x08000274   0x00000000   Code   RO         1988    .ARM.Collect$$rtentry$$00000002  c_w.l(__rtentry2.o)
    0x08000274   0x08000274   0x00000006   Code   RO         2000    .ARM.Collect$$rtentry$$00000004  c_w.l(__rtentry4.o)
    0x0800027a   0x0800027a   0x00000000   Code   RO         1990    .ARM.Collect$$rtentry$$00000009  c_w.l(__rtentry2.o)
    0x0800027a   0x0800027a   0x00000004   Code   RO         1991    .ARM.Collect$$rtentry$$0000000A  c_w.l(__rtentry2.o)
    0x0800027e   0x0800027e   0x00000000   Code   RO         1993    .ARM.Collect$$rtentry$$0000000C  c_w.l(__rtentry2.o)
    0x0800027e   0x0800027e   0x00000008   Code   RO         1994    .ARM.Collect$$rtentry$$0000000D  c_w.l(__rtentry2.o)
    0x08000286   0x08000286   0x00000002   Code   RO         2122    .ARM.Collect$$rtexit$$00000000  c_w.l(rtexit.o)
    0x08000288   0x08000288   0x00000000   Code   RO         2133    .ARM.Collect$$rtexit$$00000002  c_w.l(rtexit2.o)
    0x08000288   0x08000288   0x00000004   Code   RO         2134    .ARM.Collect$$rtexit$$00000003  c_w.l(rtexit2.o)
    0x0800028c   0x0800028c   0x00000006   Code   RO         2135    .ARM.Collect$$rtexit$$00000004  c_w.l(rtexit2.o)
    0x08000292   0x08000292   0x0000001a   Code   RO            3    .text               stm32f4xx_it.o
    0x080002ac   0x080002ac   0x00000210   Code   RO          133    .text               system_stm32f4xx.o
    0x080004bc   0x080004bc   0x00000108   Code   RO          159    .text               main.o
    0x080005c4   0x080005c4   0x00000104   Code   RO          346    .text               key.o
    0x080006c8   0x080006c8   0x00000080   Code   RO          367    .text               timer.o
    0x08000748   0x08000748   0x000002dc   Code   RO          390    .text               remote.o
    0x08000a24   0x08000a24   0x00000114   Code   RO          416    .text               adc.o
    0x08000b38   0x08000b38   0x0000025c   Code   RO          443    .text               encoder.o
    0x08000d94   0x08000d94   0x00000344   Code   RO          468    .text               motor.o
    0x080010d8   0x080010d8   0x00000900   Code   RO          495    .text               oled.o
    0x080019d8   0x080019d8   0x00000078   Code   RO          523    .text               beep.o
    0x08001a50   0x08001a50   0x000002c0   Code   RO          543    .text               datascope_dp.o
    0x08001d10   0x08001d10   0x00000040   Code   RO          565    .text               relay.o
    0x08001d50   0x08001d50   0x0000025c   Code   RO          585    .text               myiic.o
    0x08001fac   0x08001fac   0x00000388   Code   RO          605    .text               mpu6050.o
    0x08002334   0x08002334   0x000022c0   Code   RO          625    .text               inv_mpu.o
    0x080045f4   0x080045f4   0x00000d90   Code   RO          667    .text               inv_mpu_dmp_motion_driver.o
    0x08005384   0x08005384   0x00000104   Code   RO          696    .text               delay.o
    0x08005488   0x08005488   0x000000fc   Code   RO          736    .text               usart.o
    0x08005584   0x08005584   0x00000040   Code   RO          768    .text               startup_stm32f40_41xxx.o
    0x080055c4   0x080055c4   0x000000e0   Code   RO          774    .text               misc.o
    0x080056a4   0x080056a4   0x00000464   Code   RO          794    .text               stm32f4xx_adc.o
    0x08005b08   0x08005b08   0x000003a8   Code   RO          994    .text               stm32f4xx_dma.o
    0x08005eb0   0x08005eb0   0x00000294   Code   RO         1123    .text               stm32f4xx_gpio.o
    0x08006144   0x08006144   0x0000065c   Code   RO         1286    .text               stm32f4xx_rcc.o
    0x080067a0   0x080067a0   0x00000ca2   Code   RO         1431    .text               stm32f4xx_tim.o
    0x08007442   0x08007442   0x00000002   PAD
    0x08007444   0x08007444   0x00000454   Code   RO         1451    .text               stm32f4xx_usart.o
    0x08007898   0x08007898   0x00000bdc   Code   RO         1491    .text               ultrasonic.o
    0x08008474   0x08008474   0x0000062c   Code   RO         1525    .text               location.o
    0x08008aa0   0x08008aa0   0x00000084   Code   RO         1555    .text               tri_lookup.o
    0x08008b24   0x08008b24   0x00001d1c   Code   RO         1572    .text               motion.o
    0x0800a840   0x0800a840   0x00000020   Code   RO         1612    .text               s_lookup.o
    0x0800a860   0x0800a860   0x00000200   Code   RO         1635    .text               my_queue.o
    0x0800aa60   0x0800aa60   0x00000500   Code   RO         1656    .text               ros_interface.o
    0x0800af60   0x0800af60   0x00000008   Code   RO         1684    .text               arm_cortexM4lf_math.lib(arm_mat_init_f32.o)
    0x0800af68   0x0800af68   0x00000500   Code   RO         1729    .text               arm_cortexM4lf_math.lib(arm_mat_inverse_f32.o)
    0x0800b468   0x0800b468   0x000000f8   Code   RO         1749    .text               arm_cortexM4lf_math.lib(arm_mat_mult_f32.o)
    0x0800b560   0x0800b560   0x00000002   Code   RO         1769    .text               c_w.l(use_no_semi_2.o)
    0x0800b562   0x0800b562   0x00000048   Code   RO         1771    .text               c_w.l(llsdiv.o)
    0x0800b5aa   0x0800b5aa   0x00000002   PAD
    0x0800b5ac   0x0800b5ac   0x00000018   Code   RO         1775    .text               c_w.l(noretval__2printf.o)
    0x0800b5c4   0x0800b5c4   0x0000004e   Code   RO         1779    .text               c_w.l(_printf_pad.o)
    0x0800b612   0x0800b612   0x00000052   Code   RO         1781    .text               c_w.l(_printf_str.o)
    0x0800b664   0x0800b664   0x00000078   Code   RO         1783    .text               c_w.l(_printf_dec.o)
    0x0800b6dc   0x0800b6dc   0x00000058   Code   RO         1788    .text               c_w.l(_printf_hex_int.o)
    0x0800b734   0x0800b734   0x00000138   Code   RO         1818    .text               c_w.l(__printf_flags_wp.o)
    0x0800b86c   0x0800b86c   0x00000058   Code   RO         1831    .text               c_w.l(memcmp.o)
    0x0800b8c4   0x0800b8c4   0x00000064   Code   RO         1833    .text               c_w.l(rt_memcpy_w.o)
    0x0800b928   0x0800b928   0x00000010   Code   RO         1835    .text               c_w.l(aeabi_memset.o)
    0x0800b938   0x0800b938   0x0000004e   Code   RO         1837    .text               c_w.l(rt_memclr_w.o)
    0x0800b986   0x0800b986   0x00000006   Code   RO         1839    .text               c_w.l(heapauxi.o)
    0x0800b98c   0x0800b98c   0x00000002   Code   RO         1913    .text               c_w.l(use_no_semi.o)
    0x0800b98e   0x0800b98e   0x000000ee   Code   RO         1916    .text               c_w.l(lludivv7m.o)
    0x0800ba7c   0x0800ba7c   0x00000016   Code   RO         1918    .text               c_w.l(_rserrno.o)
    0x0800ba92   0x0800ba92   0x000000b2   Code   RO         1920    .text               c_w.l(_printf_intcommon.o)
    0x0800bb44   0x0800bb44   0x0000041e   Code   RO         1922    .text               c_w.l(_printf_fp_dec.o)
    0x0800bf62   0x0800bf62   0x0000002c   Code   RO         1924    .text               c_w.l(_printf_char.o)
    0x0800bf8e   0x0800bf8e   0x00000002   PAD
    0x0800bf90   0x0800bf90   0x00000024   Code   RO         1926    .text               c_w.l(_printf_char_file.o)
    0x0800bfb4   0x0800bfb4   0x00000044   Code   RO         1929    .text               c_w.l(rt_memclr.o)
    0x0800bff8   0x0800bff8   0x00000008   Code   RO         2009    .text               c_w.l(rt_locale_intlibspace.o)
    0x0800c000   0x0800c000   0x00000008   Code   RO         2014    .text               c_w.l(rt_errno_addr_intlibspace.o)
    0x0800c008   0x0800c008   0x0000008a   Code   RO         2016    .text               c_w.l(lludiv10.o)
    0x0800c092   0x0800c092   0x00000002   PAD
    0x0800c094   0x0800c094   0x00000030   Code   RO         2018    .text               c_w.l(_printf_char_common.o)
    0x0800c0c4   0x0800c0c4   0x00000080   Code   RO         2020    .text               c_w.l(_printf_fp_infnan.o)
    0x0800c144   0x0800c144   0x000000e4   Code   RO         2022    .text               c_w.l(bigflt0.o)
    0x0800c228   0x0800c228   0x00000008   Code   RO         2047    .text               c_w.l(ferror.o)
    0x0800c230   0x0800c230   0x00000008   Code   RO         2058    .text               c_w.l(libspace.o)
    0x0800c238   0x0800c238   0x0000004a   Code   RO         2061    .text               c_w.l(sys_stackheap_outer.o)
    0x0800c282   0x0800c282   0x00000012   Code   RO         2067    .text               c_w.l(exit.o)
    0x0800c294   0x0800c294   0x00000080   Code   RO         2069    .text               c_w.l(strcmpv7m.o)
    0x0800c314   0x0800c314   0x0000003e   Code   RO         2025    CL$$btod_d2e        c_w.l(btod.o)
    0x0800c352   0x0800c352   0x00000046   Code   RO         2027    CL$$btod_d2e_denorm_low  c_w.l(btod.o)
    0x0800c398   0x0800c398   0x00000060   Code   RO         2026    CL$$btod_d2e_norm_op1  c_w.l(btod.o)
    0x0800c3f8   0x0800c3f8   0x00000338   Code   RO         2035    CL$$btod_div_common  c_w.l(btod.o)
    0x0800c730   0x0800c730   0x000000dc   Code   RO         2032    CL$$btod_e2e        c_w.l(btod.o)
    0x0800c80c   0x0800c80c   0x0000002a   Code   RO         2029    CL$$btod_ediv       c_w.l(btod.o)
    0x0800c836   0x0800c836   0x0000002a   Code   RO         2028    CL$$btod_emul       c_w.l(btod.o)
    0x0800c860   0x0800c860   0x00000244   Code   RO         2034    CL$$btod_mult_common  c_w.l(btod.o)
    0x0800caa4   0x0800caa4   0x00000030   Code   RO         1970    i.__ARM_fpclassify  m_wm.l(fpclassify.o)
    0x0800cad4   0x0800cad4   0x0000000e   Code   RO         1591    i.__ARM_isnanf      motion.o
    0x0800cae2   0x0800cae2   0x00000006   PAD
    0x0800cae8   0x0800cae8   0x00000360   Code   RO         1881    i.__hardfp_asin     m_wm.l(asin.o)
    0x0800ce48   0x0800ce48   0x000002d8   Code   RO         1942    i.__hardfp_atan     m_wm.l(atan.o)
    0x0800d120   0x0800d120   0x000001f0   Code   RO         1895    i.__hardfp_atan2    m_wm.l(atan2.o)
    0x0800d310   0x0800d310   0x00000014   Code   RO         1907    i.__hardfp_fabs     m_wm.l(fabs.o)
    0x0800d324   0x0800d324   0x000000f8   Code   RO         1972    i.__kernel_poly     m_wm.l(poly.o)
    0x0800d41c   0x0800d41c   0x00000014   Code   RO         1957    i.__mathlib_dbl_infnan  m_wm.l(dunder.o)
    0x0800d430   0x0800d430   0x00000014   Code   RO         1958    i.__mathlib_dbl_infnan2  m_wm.l(dunder.o)
    0x0800d444   0x0800d444   0x00000004   PAD
    0x0800d448   0x0800d448   0x00000020   Code   RO         1959    i.__mathlib_dbl_invalid  m_wm.l(dunder.o)
    0x0800d468   0x0800d468   0x00000020   Code   RO         1962    i.__mathlib_dbl_underflow  m_wm.l(dunder.o)
    0x0800d488   0x0800d488   0x0000000e   Code   RO         1816    i._is_digit         c_w.l(__printf_wp.o)
    0x0800d496   0x0800d496   0x00000010   Code   RO         1944    i.atan              m_wm.l(atan.o)
    0x0800d4a6   0x0800d4a6   0x00000018   Code   RO         1909    i.fabs              m_wm.l(fabs.o)
    0x0800d4be   0x0800d4be   0x0000006e   Code   RO         1977    i.sqrt              m_wm.l(sqrt.o)
    0x0800d52c   0x0800d52c   0x0000002c   Code   RO         2052    locale$$code        c_w.l(lc_numeric_c.o)
    0x0800d558   0x0800d558   0x00000018   Code   RO         1843    x$fpl$basic         fz_wm.l(basic.o)
    0x0800d570   0x0800d570   0x00000062   Code   RO         1845    x$fpl$d2f           fz_wm.l(d2f.o)
    0x0800d5d2   0x0800d5d2   0x00000002   PAD
    0x0800d5d4   0x0800d5d4   0x00000150   Code   RO         1847    x$fpl$dadd          fz_wm.l(daddsub_clz.o)
    0x0800d724   0x0800d724   0x00000018   Code   RO         1931    x$fpl$dcmpinf       fz_wm.l(dcmpi.o)
    0x0800d73c   0x0800d73c   0x000002b0   Code   RO         1854    x$fpl$ddiv          fz_wm.l(ddiv.o)
    0x0800d9ec   0x0800d9ec   0x0000005e   Code   RO         1857    x$fpl$dfix          fz_wm.l(dfix.o)
    0x0800da4a   0x0800da4a   0x00000002   PAD
    0x0800da4c   0x0800da4c   0x0000005a   Code   RO         1861    x$fpl$dfixu         fz_wm.l(dfixu.o)
    0x0800daa6   0x0800daa6   0x0000002e   Code   RO         1866    x$fpl$dflt          fz_wm.l(dflt_clz.o)
    0x0800dad4   0x0800dad4   0x00000026   Code   RO         1865    x$fpl$dfltu         fz_wm.l(dflt_clz.o)
    0x0800dafa   0x0800dafa   0x00000002   PAD
    0x0800dafc   0x0800dafc   0x00000078   Code   RO         1871    x$fpl$dleqf         fz_wm.l(dleqf.o)
    0x0800db74   0x0800db74   0x00000154   Code   RO         1873    x$fpl$dmul          fz_wm.l(dmul.o)
    0x0800dcc8   0x0800dcc8   0x0000009c   Code   RO         1933    x$fpl$dnaninf       fz_wm.l(dnaninf.o)
    0x0800dd64   0x0800dd64   0x0000000c   Code   RO         1935    x$fpl$dretinf       fz_wm.l(dretinf.o)
    0x0800dd70   0x0800dd70   0x0000006c   Code   RO         1875    x$fpl$drleqf        fz_wm.l(drleqf.o)
    0x0800dddc   0x0800dddc   0x00000016   Code   RO         1848    x$fpl$drsb          fz_wm.l(daddsub_clz.o)
    0x0800ddf2   0x0800ddf2   0x00000002   PAD
    0x0800ddf4   0x0800ddf4   0x00000198   Code   RO         2054    x$fpl$dsqrt         fz_wm.l(dsqrt_umaal.o)
    0x0800df8c   0x0800df8c   0x000001d4   Code   RO         1849    x$fpl$dsub          fz_wm.l(daddsub_clz.o)
    0x0800e160   0x0800e160   0x00000056   Code   RO         1877    x$fpl$f2d           fz_wm.l(f2d.o)
    0x0800e1b6   0x0800e1b6   0x0000008c   Code   RO         1937    x$fpl$fnaninf       fz_wm.l(fnaninf.o)
    0x0800e242   0x0800e242   0x0000000a   Code   RO         2130    x$fpl$fpinit        fz_wm.l(fpinit.o)
    0x0800e24c   0x0800e24c   0x0000000a   Code   RO         1939    x$fpl$fretinf       fz_wm.l(fretinf.o)
    0x0800e256   0x0800e256   0x00000004   Code   RO         1879    x$fpl$printf1       fz_wm.l(printf1.o)
    0x0800e25a   0x0800e25a   0x00000000   Code   RO         1941    x$fpl$usenofp       fz_wm.l(usenofp.o)
    0x0800e25a   0x0800e25a   0x000017c0   Data   RO          497    .constdata          oled.o
    0x0800fa1a   0x0800fa1a   0x00000002   PAD
    0x0800fa1c   0x0800fa1c   0x00000050   Data   RO          626    .constdata          inv_mpu.o
    0x0800fa6c   0x0800fa6c   0x00000bf6   Data   RO          669    .constdata          inv_mpu_dmp_motion_driver.o
    0x08010662   0x08010662   0x00000002   PAD
    0x08010664   0x08010664   0x00000e14   Data   RO         1556    .constdata          tri_lookup.o
    0x08011478   0x08011478   0x000001e4   Data   RO         1613    .constdata          s_lookup.o
    0x0801165c   0x0801165c   0x00000028   Data   RO         1789    .constdata          c_w.l(_printf_hex_int.o)
    0x08011684   0x08011684   0x00000011   Data   RO         1819    .constdata          c_w.l(__printf_flags_wp.o)
    0x08011695   0x08011695   0x00000003   PAD
    0x08011698   0x08011698   0x00000050   Data   RO         1884    .constdata          m_wm.l(asin.o)
    0x080116e8   0x080116e8   0x00000098   Data   RO         1945    .constdata          m_wm.l(atan.o)
    0x08011780   0x08011780   0x00000008   Data   RO         1974    .constdata          m_wm.l(qnan.o)
    0x08011788   0x08011788   0x00000094   Data   RO         2023    .constdata          c_w.l(bigflt0.o)
    0x0801181c   0x0801181c   0x0000004d   Data   RO          627    .conststring        inv_mpu.o
    0x08011869   0x08011869   0x00000003   PAD
    0x0801186c   0x0801186c   0x00000020   Data   RO         2201    Region$$Table       anon$$obj.o
    0x0801188c   0x0801188c   0x0000001c   Data   RO         2051    locale$$data        c_w.l(lc_numeric_c.o)


    Execution Region RW_IRAM1 (Exec base: 0x20000000, Load base: 0x080118a8, Size: 0x00000fd8, Max: 0x00020000, ABSOLUTE, COMPRESSED[0x00000058])

    Exec Addr    Load Addr    Size         Type   Attr      Idx    E Section Name        Object

    0x20000000   COMPRESSED   0x00000014   Data   RW          134    .data               system_stm32f4xx.o
    0x20000014   COMPRESSED   0x00000002   Data   RW          160    .data               main.o
    0x20000016   COMPRESSED   0x00000001   Data   RW          347    .data               key.o
    0x20000017   COMPRESSED   0x00000001   Data   RW          368    .data               timer.o
    0x20000018   COMPRESSED   0x00000009   Data   RW          391    .data               remote.o
    0x20000021   COMPRESSED   0x00000001   PAD
    0x20000022   COMPRESSED   0x00000003   Data   RW          417    .data               adc.o
    0x20000025   COMPRESSED   0x00000002   Data   RW          444    .data               encoder.o
    0x20000027   COMPRESSED   0x00000001   PAD
    0x20000028   COMPRESSED   0x00000009   Data   RW          469    .data               motor.o
    0x20000031   COMPRESSED   0x00000003   PAD
    0x20000034   COMPRESSED   0x0000000d   Data   RW          498    .data               oled.o
    0x20000041   COMPRESSED   0x00000003   PAD
    0x20000044   COMPRESSED   0x00000035   Data   RW          628    .data               inv_mpu.o
    0x20000079   COMPRESSED   0x00000001   PAD
    0x2000007a   COMPRESSED   0x00000004   Data   RW          697    .data               delay.o
    0x2000007e   COMPRESSED   0x00000002   PAD
    0x20000080   COMPRESSED   0x00000006   Data   RW          738    .data               usart.o
    0x20000086   COMPRESSED   0x00000010   Data   RW         1287    .data               stm32f4xx_rcc.o
    0x20000096   COMPRESSED   0x00000002   PAD
    0x20000098   COMPRESSED   0x00000031   Data   RW         1493    .data               ultrasonic.o
    0x200000c9   COMPRESSED   0x00000003   PAD
    0x200000cc   COMPRESSED   0x000000a4   Data   RW         1527    .data               location.o
    0x20000170   COMPRESSED   0x000001eb   Data   RW         1574    .data               motion.o
    0x2000035b   COMPRESSED   0x00000002   Data   RW         1636    .data               my_queue.o
    0x2000035d   COMPRESSED   0x00000001   Data   RW         1658    .data               ros_interface.o
    0x2000035e   COMPRESSED   0x00000002   PAD
    0x20000360        -       0x00000400   Zero   RW          496    .bss                oled.o
    0x20000760        -       0x0000002a   Zero   RW          544    .bss                datascope_dp.o
    0x2000078a   COMPRESSED   0x00000002   PAD
    0x2000078c        -       0x00000010   Zero   RW          668    .bss                inv_mpu_dmp_motion_driver.o
    0x2000079c        -       0x00000130   Zero   RW         1492    .bss                ultrasonic.o
    0x200008cc        -       0x00000028   Zero   RW         1526    .bss                location.o
    0x200008f4        -       0x00000010   Zero   RW         1573    .bss                motion.o
    0x20000904        -       0x00000074   Zero   RW         1657    .bss                ros_interface.o
    0x20000978        -       0x00000060   Zero   RW         2059    .bss                c_w.l(libspace.o)
    0x200009d8        -       0x00000200   Zero   RW          766    HEAP                startup_stm32f40_41xxx.o
    0x20000bd8        -       0x00000400   Zero   RW          765    STACK               startup_stm32f40_41xxx.o


==============================================================================

Image component sizes


      Code (inc. data)   RO Data    RW Data    ZI Data      Debug   Object Name

       276         24          0          3          0       1429   adc.o
       120         14          0          0          0        796   beep.o
       704         60          0          0         42       2859   datascope_dp.o
       260          8          0          4          0       1509   delay.o
       604         26          0          2          0       1860   encoder.o
      8896        222        157         53          0      24653   inv_mpu.o
      3472        142       3062          0         16      15607   inv_mpu_dmp_motion_driver.o
       260         12          0          1          0        892   key.o
         0          0          0          0          0       4641   led.o
      1580        358          0        164         40       3686   location.o
       264         44          0          2          0     257543   main.o
       224         20          0          0          0       1845   misc.o
      7466        520          0        491         16      11951   motion.o
       836         56          0          9          0       2535   motor.o
       904         22          0          0          0       4559   mpu6050.o
       512         34          0          2          0       3049   my_queue.o
       604         14          0          0          0       1936   myiic.o
      2304        168       6080         13       1024       5821   oled.o
        64          4          0          0          0        562   relay.o
       732         28          0          9          0       1894   remote.o
      1280        112          0          1        116       3526   ros_interface.o
        32         10        484          0          0       1146   s_lookup.o
        64         26        392          0       1536        844   startup_stm32f40_41xxx.o
      1124         24          0          0          0      10718   stm32f4xx_adc.o
       936         32          0          0          0       6421   stm32f4xx_dma.o
       660         44          0          0          0       4185   stm32f4xx_gpio.o
        26          0          0          0          0      66270   stm32f4xx_it.o
      1628         52          0         16          0      13076   stm32f4xx_rcc.o
      3234         60          0          0          0      23044   stm32f4xx_tim.o
      1108         34          0          0          0       7912   stm32f4xx_usart.o
       528         46          0         20          0       1819   system_stm32f4xx.o
       128          8          0          1          0       1081   timer.o
       132          8       3604          0          0       1533   tri_lookup.o
      3036        226          0         49        304       6869   ultrasonic.o
       252         28          0          6          0       3350   usart.o

    ----------------------------------------------------------------------
     44258       2486      13818        864       3096     501421   Object Totals
         0          0         32          0          0          0   (incl. Generated)
         8          0          7         18          2          0   (incl. Padding)

    ----------------------------------------------------------------------

      Code (inc. data)   RO Data    RW Data    ZI Data      Debug   Library Member Name

         8          0          0          0          0      15967   arm_mat_init_f32.o
      1280         10          0          0          0       2726   arm_mat_inverse_f32.o
       248          6          0          0          0       1371   arm_mat_mult_f32.o
        90          0          0          0          0          0   __dczerorl2.o
         8          0          0          0          0         68   __main.o
       312          4         17          0          0         92   __printf_flags_wp.o
        14          0          0          0          0         68   __printf_wp.o
         0          0          0          0          0          0   __rtentry.o
        12          0          0          0          0          0   __rtentry2.o
         6          0          0          0          0          0   __rtentry4.o
        52          8          0          0          0          0   __scatter.o
        28          0          0          0          0          0   __scatter_zi.o
         6          0          0          0          0          0   _printf_c.o
        44          0          0          0          0        108   _printf_char.o
        48          6          0          0          0         96   _printf_char_common.o
        36          4          0          0          0         80   _printf_char_file.o
         6          0          0          0          0          0   _printf_d.o
       120         16          0          0          0         92   _printf_dec.o
         6          0          0          0          0          0   _printf_f.o
      1054          0          0          0          0        216   _printf_fp_dec.o
       128         16          0          0          0         84   _printf_fp_infnan.o
        88          4         40          0          0         88   _printf_hex_int.o
       178          0          0          0          0         88   _printf_intcommon.o
        78          0          0          0          0        108   _printf_pad.o
         0          0          0          0          0          0   _printf_percent.o
         4          0          0          0          0          0   _printf_percent_end.o
        82          0          0          0          0         80   _printf_str.o
         6          0          0          0          0          0   _printf_x.o
        22          0          0          0          0        100   _rserrno.o
        16          0          0          0          0         68   aeabi_memset.o
       228          4        148          0          0         96   bigflt0.o
      1936        128          0          0          0        672   btod.o
        18          0          0          0          0         80   exit.o
         8          0          0          0          0         68   ferror.o
         6          0          0          0          0        152   heapauxi.o
        44         10         28          0          0         76   lc_numeric_c.o
         2          0          0          0          0          0   libinit.o
        22          0          0          0          0          0   libinit2.o
         2          0          0          0          0          0   libshutdown.o
         2          0          0          0          0          0   libshutdown2.o
         8          4          0          0         96         68   libspace.o
        72          0          0          0          0         76   llsdiv.o
       138          0          0          0          0         80   lludiv10.o
       238          0          0          0          0        100   lludivv7m.o
        88          0          0          0          0         76   memcmp.o
        24          4          0          0          0         84   noretval__2printf.o
         8          4          0          0          0         68   rt_errno_addr_intlibspace.o
         8          4          0          0          0         68   rt_locale_intlibspace.o
        68          0          0          0          0         68   rt_memclr.o
        78          0          0          0          0         80   rt_memclr_w.o
       100          0          0          0          0         80   rt_memcpy_w.o
         2          0          0          0          0          0   rtexit.o
        10          0          0          0          0          0   rtexit2.o
       128          0          0          0          0         68   strcmpv7m.o
        74          0          0          0          0         80   sys_stackheap_outer.o
         2          0          0          0          0         68   use_no_semi.o
         2          0          0          0          0         68   use_no_semi_2.o
        24          0          0          0          0        164   basic.o
        98          4          0          0          0        140   d2f.o
       826         16          0          0          0        492   daddsub_clz.o
        24          0          0          0          0        116   dcmpi.o
       688        140          0          0          0        256   ddiv.o
        94          4          0          0          0        140   dfix.o
        90          4          0          0          0        140   dfixu.o
        84          0          0          0          0        232   dflt_clz.o
       120          4          0          0          0        140   dleqf.o
       340         12          0          0          0        152   dmul.o
       156          4          0          0          0        140   dnaninf.o
        12          0          0          0          0        116   dretinf.o
       108          0          0          0          0        128   drleqf.o
       408         56          0          0          0        168   dsqrt_umaal.o
        86          4          0          0          0        132   f2d.o
       140          4          0          0          0        132   fnaninf.o
        10          0          0          0          0        116   fpinit.o
        10          0          0          0          0        116   fretinf.o
         4          0          0          0          0        116   printf1.o
         0          0          0          0          0          0   usenofp.o
       864         94         80          0          0        280   asin.o
       744        106        152          0          0        352   atan.o
       496         64          0          0          0        192   atan2.o
       104         16          0          0          0        496   dunder.o
        44          0          0          0          0        248   fabs.o
        48          0          0          0          0        124   fpclassify.o
       248          0          0          0          0        152   poly.o
         0          0          8          0          0          0   qnan.o
       110          0          0          0          0        148   sqrt.o

    ----------------------------------------------------------------------
     13296        764        476          0         96      28904   Library Totals
        20          0          3          0          0          0   (incl. Padding)

    ----------------------------------------------------------------------

      Code (inc. data)   RO Data    RW Data    ZI Data      Debug   Library Name

      1536         16          0          0          0      20064   arm_cortexM4lf_math.lib
      5760        216        233          0         96       3712   c_w.l
      3322        252          0          0          0       3136   fz_wm.l
      2658        280        240          0          0       1992   m_wm.l

    ----------------------------------------------------------------------
     13296        764        476          0         96      28904   Library Totals

    ----------------------------------------------------------------------

==============================================================================


      Code (inc. data)   RO Data    RW Data    ZI Data      Debug   

     57554       3250      14294        864       3192     518045   Grand Totals
     57554       3250      14294         88       3192     518045   ELF Image Totals (compressed)
     57554       3250      14294         88          0          0   ROM Totals

==============================================================================

    Total RO  Size (Code + RO Data)                71848 (  70.16kB)
    Total RW  Size (RW Data + ZI Data)              4056 (   3.96kB)
    Total ROM Size (Code + RO Data + RW Data)      71936 (  70.25kB)

==============================================================================

